Archive member included to satisfy reference by file (symbol)

c:/users/thuyh/stm32cubeide_1.7.0/stm32cubeide/plugins/com.st.stm32cube.ide.mcu.externaltools.gnu-tools-for-stm32.9-2020-q2-update.win32_2.0.0.202105311346/tools/bin/../lib/gcc/arm-none-eabi/9.3.1/../../../../arm-none-eabi/lib/thumb/v7-m/nofp\libc_nano.a(lib_a-errno.o)
                              ./Core/Src/syscalls.o (__errno)
c:/users/thuyh/stm32cubeide_1.7.0/stm32cubeide/plugins/com.st.stm32cube.ide.mcu.externaltools.gnu-tools-for-stm32.9-2020-q2-update.win32_2.0.0.202105311346/tools/bin/../lib/gcc/arm-none-eabi/9.3.1/../../../../arm-none-eabi/lib/thumb/v7-m/nofp\libc_nano.a(lib_a-exit.o)
                              c:/users/thuyh/stm32cubeide_1.7.0/stm32cubeide/plugins/com.st.stm32cube.ide.mcu.externaltools.gnu-tools-for-stm32.9-2020-q2-update.win32_2.0.0.202105311346/tools/bin/../lib/gcc/arm-none-eabi/9.3.1/../../../../arm-none-eabi/lib/thumb/v7-m/nofp/crt0.o (exit)
c:/users/thuyh/stm32cubeide_1.7.0/stm32cubeide/plugins/com.st.stm32cube.ide.mcu.externaltools.gnu-tools-for-stm32.9-2020-q2-update.win32_2.0.0.202105311346/tools/bin/../lib/gcc/arm-none-eabi/9.3.1/../../../../arm-none-eabi/lib/thumb/v7-m/nofp\libc_nano.a(lib_a-impure.o)
                              c:/users/thuyh/stm32cubeide_1.7.0/stm32cubeide/plugins/com.st.stm32cube.ide.mcu.externaltools.gnu-tools-for-stm32.9-2020-q2-update.win32_2.0.0.202105311346/tools/bin/../lib/gcc/arm-none-eabi/9.3.1/../../../../arm-none-eabi/lib/thumb/v7-m/nofp\libc_nano.a(lib_a-exit.o) (_global_impure_ptr)
c:/users/thuyh/stm32cubeide_1.7.0/stm32cubeide/plugins/com.st.stm32cube.ide.mcu.externaltools.gnu-tools-for-stm32.9-2020-q2-update.win32_2.0.0.202105311346/tools/bin/../lib/gcc/arm-none-eabi/9.3.1/../../../../arm-none-eabi/lib/thumb/v7-m/nofp\libc_nano.a(lib_a-init.o)
                              c:/users/thuyh/stm32cubeide_1.7.0/stm32cubeide/plugins/com.st.stm32cube.ide.mcu.externaltools.gnu-tools-for-stm32.9-2020-q2-update.win32_2.0.0.202105311346/tools/bin/../lib/gcc/arm-none-eabi/9.3.1/../../../../arm-none-eabi/lib/thumb/v7-m/nofp/crt0.o (__libc_init_array)
c:/users/thuyh/stm32cubeide_1.7.0/stm32cubeide/plugins/com.st.stm32cube.ide.mcu.externaltools.gnu-tools-for-stm32.9-2020-q2-update.win32_2.0.0.202105311346/tools/bin/../lib/gcc/arm-none-eabi/9.3.1/../../../../arm-none-eabi/lib/thumb/v7-m/nofp\libc_nano.a(lib_a-memset.o)
                              c:/users/thuyh/stm32cubeide_1.7.0/stm32cubeide/plugins/com.st.stm32cube.ide.mcu.externaltools.gnu-tools-for-stm32.9-2020-q2-update.win32_2.0.0.202105311346/tools/bin/../lib/gcc/arm-none-eabi/9.3.1/../../../../arm-none-eabi/lib/thumb/v7-m/nofp/crt0.o (memset)
c:/users/thuyh/stm32cubeide_1.7.0/stm32cubeide/plugins/com.st.stm32cube.ide.mcu.externaltools.gnu-tools-for-stm32.9-2020-q2-update.win32_2.0.0.202105311346/tools/bin/../lib/gcc/arm-none-eabi/9.3.1/thumb/v7-m/nofp\libgcc.a(_arm_muldf3.o)
                              ./SOW/Src/dht20.o (__aeabi_dmul)
c:/users/thuyh/stm32cubeide_1.7.0/stm32cubeide/plugins/com.st.stm32cube.ide.mcu.externaltools.gnu-tools-for-stm32.9-2020-q2-update.win32_2.0.0.202105311346/tools/bin/../lib/gcc/arm-none-eabi/9.3.1/thumb/v7-m/nofp\libgcc.a(_arm_addsubdf3.o)
                              ./SOW/Src/dht20.o (__aeabi_dsub)
c:/users/thuyh/stm32cubeide_1.7.0/stm32cubeide/plugins/com.st.stm32cube.ide.mcu.externaltools.gnu-tools-for-stm32.9-2020-q2-update.win32_2.0.0.202105311346/tools/bin/../lib/gcc/arm-none-eabi/9.3.1/thumb/v7-m/nofp\libgcc.a(_arm_truncdfsf2.o)
                              ./SOW/Src/dht20.o (__aeabi_d2f)
c:/users/thuyh/stm32cubeide_1.7.0/stm32cubeide/plugins/com.st.stm32cube.ide.mcu.externaltools.gnu-tools-for-stm32.9-2020-q2-update.win32_2.0.0.202105311346/tools/bin/../lib/gcc/arm-none-eabi/9.3.1/thumb/v7-m/nofp\libgcc.a(_arm_addsubsf3.o)
                              ./SOW/Src/dht20.o (__aeabi_fadd)

Allocating common symbols
Common symbol       size              file

timer1_flag         0x28              ./SOW/Src/software_timer.o
time_green_select   0x4               ./SOW/Src/Traffic_light.o
hi2c1               0x54              ./Core/Src/main.o
time_red_select     0x4               ./SOW/Src/Traffic_light.o
uwTick              0x4               ./Drivers/STM32F1xx_HAL_Driver/Src/stm32f1xx_hal.o
pFlash              0x20              ./Drivers/STM32F1xx_HAL_Driver/Src/stm32f1xx_hal_flash.o
state               0x4               ./Core/Src/two_way_traffic.o
redred              0x1               ./SOW/Src/Traffic_light.o
Rxdata              0x6               ./SOW/Src/i2c_slave.o
num                 0x4               ./Core/Src/led7.o
htim2               0x48              ./Core/Src/main.o
timer1_counter      0x28              ./SOW/Src/software_timer.o

Discarded input sections

[...]
Memory Configuration

Name             Origin             Length             Attributes
RAM              0x0000000020000000 0x0000000000005000 xrw
FLASH            0x0000000008000000 0x0000000000020000 xr
*default*        0x0000000000000000 0xffffffffffffffff

Linker script and memory map

LOAD c:/users/thuyh/stm32cubeide_1.7.0/stm32cubeide/plugins/com.st.stm32cube.ide.mcu.externaltools.gnu-tools-for-stm32.9-2020-q2-update.win32_2.0.0.202105311346/tools/bin/../lib/gcc/arm-none-eabi/9.3.1/thumb/v7-m/nofp/crti.o
LOAD c:/users/thuyh/stm32cubeide_1.7.0/stm32cubeide/plugins/com.st.stm32cube.ide.mcu.externaltools.gnu-tools-for-stm32.9-2020-q2-update.win32_2.0.0.202105311346/tools/bin/../lib/gcc/arm-none-eabi/9.3.1/thumb/v7-m/nofp/crtbegin.o
LOAD c:/users/thuyh/stm32cubeide_1.7.0/stm32cubeide/plugins/com.st.stm32cube.ide.mcu.externaltools.gnu-tools-for-stm32.9-2020-q2-update.win32_2.0.0.202105311346/tools/bin/../lib/gcc/arm-none-eabi/9.3.1/../../../../arm-none-eabi/lib/thumb/v7-m/nofp/crt0.o
LOAD ./Core/Src/led7.o
LOAD ./Core/Src/main.o
LOAD ./Core/Src/stm32f1xx_hal_msp.o
LOAD ./Core/Src/stm32f1xx_it.o
LOAD ./Core/Src/syscalls.o
LOAD ./Core/Src/sysmem.o
LOAD ./Core/Src/system_stm32f1xx.o
LOAD ./Core/Src/two_way_traffic.o
LOAD ./Core/Startup/startup_stm32f103rbtx.o
LOAD ./Drivers/STM32F1xx_HAL_Driver/Src/stm32f1xx_hal.o
LOAD ./Drivers/STM32F1xx_HAL_Driver/Src/stm32f1xx_hal_cortex.o
LOAD ./Drivers/STM32F1xx_HAL_Driver/Src/stm32f1xx_hal_dma.o
LOAD ./Drivers/STM32F1xx_HAL_Driver/Src/stm32f1xx_hal_exti.o
LOAD ./Drivers/STM32F1xx_HAL_Driver/Src/stm32f1xx_hal_flash.o
LOAD ./Drivers/STM32F1xx_HAL_Driver/Src/stm32f1xx_hal_flash_ex.o
LOAD ./Drivers/STM32F1xx_HAL_Driver/Src/stm32f1xx_hal_gpio.o
LOAD ./Drivers/STM32F1xx_HAL_Driver/Src/stm32f1xx_hal_gpio_ex.o
LOAD ./Drivers/STM32F1xx_HAL_Driver/Src/stm32f1xx_hal_i2c.o
LOAD ./Drivers/STM32F1xx_HAL_Driver/Src/stm32f1xx_hal_pwr.o
LOAD ./Drivers/STM32F1xx_HAL_Driver/Src/stm32f1xx_hal_rcc.o
LOAD ./Drivers/STM32F1xx_HAL_Driver/Src/stm32f1xx_hal_rcc_ex.o
LOAD ./Drivers/STM32F1xx_HAL_Driver/Src/stm32f1xx_hal_tim.o
LOAD ./Drivers/STM32F1xx_HAL_Driver/Src/stm32f1xx_hal_tim_ex.o
LOAD ./SOW/Src/LED.o
LOAD ./SOW/Src/LED_7_SEGMENT.o
LOAD ./SOW/Src/Traffic_light.o
LOAD ./SOW/Src/automatic.o
LOAD ./SOW/Src/dht20.o
LOAD ./SOW/Src/enable.o
LOAD ./SOW/Src/global.o
LOAD ./SOW/Src/i2c_master.o
LOAD ./SOW/Src/i2c_slave.o
LOAD ./SOW/Src/input_processing.o
LOAD ./SOW/Src/input_reading.o
LOAD ./SOW/Src/manual.o
LOAD ./SOW/Src/matrix8x8_led.o
LOAD ./SOW/Src/software_timer.o
START GROUP
LOAD c:/users/thuyh/stm32cubeide_1.7.0/stm32cubeide/plugins/com.st.stm32cube.ide.mcu.externaltools.gnu-tools-for-stm32.9-2020-q2-update.win32_2.0.0.202105311346/tools/bin/../lib/gcc/arm-none-eabi/9.3.1/../../../../arm-none-eabi/lib/thumb/v7-m/nofp\libc_nano.a
LOAD c:/users/thuyh/stm32cubeide_1.7.0/stm32cubeide/plugins/com.st.stm32cube.ide.mcu.externaltools.gnu-tools-for-stm32.9-2020-q2-update.win32_2.0.0.202105311346/tools/bin/../lib/gcc/arm-none-eabi/9.3.1/../../../../arm-none-eabi/lib/thumb/v7-m/nofp\libm.a
END GROUP
START GROUP
LOAD c:/users/thuyh/stm32cubeide_1.7.0/stm32cubeide/plugins/com.st.stm32cube.ide.mcu.externaltools.gnu-tools-for-stm32.9-2020-q2-update.win32_2.0.0.202105311346/tools/bin/../lib/gcc/arm-none-eabi/9.3.1/thumb/v7-m/nofp\libgcc.a
LOAD c:/users/thuyh/stm32cubeide_1.7.0/stm32cubeide/plugins/com.st.stm32cube.ide.mcu.externaltools.gnu-tools-for-stm32.9-2020-q2-update.win32_2.0.0.202105311346/tools/bin/../lib/gcc/arm-none-eabi/9.3.1/../../../../arm-none-eabi/lib/thumb/v7-m/nofp\libc_nano.a
END GROUP
START GROUP
LOAD c:/users/thuyh/stm32cubeide_1.7.0/stm32cubeide/plugins/com.st.stm32cube.ide.mcu.externaltools.gnu-tools-for-stm32.9-2020-q2-update.win32_2.0.0.202105311346/tools/bin/../lib/gcc/arm-none-eabi/9.3.1/thumb/v7-m/nofp\libgcc.a
LOAD c:/users/thuyh/stm32cubeide_1.7.0/stm32cubeide/plugins/com.st.stm32cube.ide.mcu.externaltools.gnu-tools-for-stm32.9-2020-q2-update.win32_2.0.0.202105311346/tools/bin/../lib/gcc/arm-none-eabi/9.3.1/../../../../arm-none-eabi/lib/thumb/v7-m/nofp\libc_nano.a
LOAD c:/users/thuyh/stm32cubeide_1.7.0/stm32cubeide/plugins/com.st.stm32cube.ide.mcu.externaltools.gnu-tools-for-stm32.9-2020-q2-update.win32_2.0.0.202105311346/tools/bin/../lib/gcc/arm-none-eabi/9.3.1/../../../../arm-none-eabi/lib/thumb/v7-m/nofp\libnosys.a
END GROUP
START GROUP
LOAD c:/users/thuyh/stm32cubeide_1.7.0/stm32cubeide/plugins/com.st.stm32cube.ide.mcu.externaltools.gnu-tools-for-stm32.9-2020-q2-update.win32_2.0.0.202105311346/tools/bin/../lib/gcc/arm-none-eabi/9.3.1/thumb/v7-m/nofp\libgcc.a
LOAD c:/users/thuyh/stm32cubeide_1.7.0/stm32cubeide/plugins/com.st.stm32cube.ide.mcu.externaltools.gnu-tools-for-stm32.9-2020-q2-update.win32_2.0.0.202105311346/tools/bin/../lib/gcc/arm-none-eabi/9.3.1/../../../../arm-none-eabi/lib/thumb/v7-m/nofp\libc_nano.a
LOAD c:/users/thuyh/stm32cubeide_1.7.0/stm32cubeide/plugins/com.st.stm32cube.ide.mcu.externaltools.gnu-tools-for-stm32.9-2020-q2-update.win32_2.0.0.202105311346/tools/bin/../lib/gcc/arm-none-eabi/9.3.1/../../../../arm-none-eabi/lib/thumb/v7-m/nofp\libnosys.a
END GROUP
LOAD c:/users/thuyh/stm32cubeide_1.7.0/stm32cubeide/plugins/com.st.stm32cube.ide.mcu.externaltools.gnu-tools-for-stm32.9-2020-q2-update.win32_2.0.0.202105311346/tools/bin/../lib/gcc/arm-none-eabi/9.3.1/thumb/v7-m/nofp/crtend.o
LOAD c:/users/thuyh/stm32cubeide_1.7.0/stm32cubeide/plugins/com.st.stm32cube.ide.mcu.externaltools.gnu-tools-for-stm32.9-2020-q2-update.win32_2.0.0.202105311346/tools/bin/../lib/gcc/arm-none-eabi/9.3.1/thumb/v7-m/nofp/crtn.o
                0x0000000020005000                _estack = (ORIGIN (RAM) + LENGTH (RAM))
                0x0000000000000200                _Min_Heap_Size = 0x200
                0x0000000000000400                _Min_Stack_Size = 0x400

.isr_vector     0x0000000008000000      0x10c
                0x0000000008000000                . = ALIGN (0x4)
 *(.isr_vector)
 .isr_vector    0x0000000008000000      0x10c ./Core/Startup/startup_stm32f103rbtx.o
                0x0000000008000000                g_pfnVectors
                0x000000000800010c                . = ALIGN (0x4)

.text           0x000000000800010c     0x4680
                0x000000000800010c                . = ALIGN (0x4)
 *(.text)
 .text          0x000000000800010c       0x40 c:/users/thuyh/stm32cubeide_1.7.0/stm32cubeide/plugins/com.st.stm32cube.ide.mcu.externaltools.gnu-tools-for-stm32.9-2020-q2-update.win32_2.0.0.202105311346/tools/bin/../lib/gcc/arm-none-eabi/9.3.1/thumb/v7-m/nofp/crtbegin.o
 *(.text*)
 .text.main     0x000000000800014c       0x2c ./Core/Src/main.o
                0x000000000800014c                main
 .text.SystemClock_Config
                0x0000000008000178       0x78 ./Core/Src/main.o
                0x0000000008000178                SystemClock_Config
 .text.MX_I2C1_Init
                0x00000000080001f0       0x5c ./Core/Src/main.o
 .text.MX_TIM2_Init
                0x000000000800024c       0x98 ./Core/Src/main.o
 .text.MX_GPIO_Init
                0x00000000080002e4      0x138 ./Core/Src/main.o
 .text.HAL_TIM_PeriodElapsedCallback
                0x000000000800041c       0x24 ./Core/Src/main.o
                0x000000000800041c                HAL_TIM_PeriodElapsedCallback
 .text.Error_Handler
                0x0000000008000440        0xa ./Core/Src/main.o
                0x0000000008000440                Error_Handler
 *fill*         0x000000000800044a        0x2 
 .text.HAL_MspInit
                0x000000000800044c       0x64 ./Core/Src/stm32f1xx_hal_msp.o
                0x000000000800044c                HAL_MspInit
 .text.HAL_I2C_MspInit
                0x00000000080004b0       0xc0 ./Core/Src/stm32f1xx_hal_msp.o
                0x00000000080004b0                HAL_I2C_MspInit
 .text.HAL_TIM_Base_MspInit
                0x0000000008000570       0x48 ./Core/Src/stm32f1xx_hal_msp.o
                0x0000000008000570                HAL_TIM_Base_MspInit
 .text.NMI_Handler
                0x00000000080005b8        0x6 ./Core/Src/stm32f1xx_it.o
                0x00000000080005b8                NMI_Handler
 .text.HardFault_Handler
                0x00000000080005be        0x6 ./Core/Src/stm32f1xx_it.o
                0x00000000080005be                HardFault_Handler
 .text.MemManage_Handler
                0x00000000080005c4        0x6 ./Core/Src/stm32f1xx_it.o
                0x00000000080005c4                MemManage_Handler
 .text.BusFault_Handler
                0x00000000080005ca        0x6 ./Core/Src/stm32f1xx_it.o
                0x00000000080005ca                BusFault_Handler
 .text.UsageFault_Handler
                0x00000000080005d0        0x6 ./Core/Src/stm32f1xx_it.o
                0x00000000080005d0                UsageFault_Handler
 .text.SVC_Handler
                0x00000000080005d6        0xc ./Core/Src/stm32f1xx_it.o
                0x00000000080005d6                SVC_Handler
 .text.DebugMon_Handler
                0x00000000080005e2        0xc ./Core/Src/stm32f1xx_it.o
                0x00000000080005e2                DebugMon_Handler
 .text.PendSV_Handler
                0x00000000080005ee        0xc ./Core/Src/stm32f1xx_it.o
                0x00000000080005ee                PendSV_Handler
 .text.SysTick_Handler
                0x00000000080005fa        0xc ./Core/Src/stm32f1xx_it.o
                0x00000000080005fa                SysTick_Handler
 *fill*         0x0000000008000606        0x2 
 .text.TIM2_IRQHandler
                0x0000000008000608       0x14 ./Core/Src/stm32f1xx_it.o
                0x0000000008000608                TIM2_IRQHandler
 .text.I2C1_EV_IRQHandler
                0x000000000800061c       0x14 ./Core/Src/stm32f1xx_it.o
                0x000000000800061c                I2C1_EV_IRQHandler
 .text.I2C1_ER_IRQHandler
                0x0000000008000630       0x14 ./Core/Src/stm32f1xx_it.o
                0x0000000008000630                I2C1_ER_IRQHandler
 .text.SystemInit
                0x0000000008000644        0xc ./Core/Src/system_stm32f1xx.o
                0x0000000008000644                SystemInit
 .text.convert  0x0000000008000650       0x80 ./Core/Src/two_way_traffic.o
                0x0000000008000650                convert
 .text.two_way_traffic_init
                0x00000000080006d0       0x6c ./Core/Src/two_way_traffic.o
                0x00000000080006d0                two_way_traffic_init
 .text.two_way_traffic_run
                0x000000000800073c      0x24c ./Core/Src/two_way_traffic.o
                0x000000000800073c                two_way_traffic_run
 .text.Reset_Handler
                0x0000000008000988       0x48 ./Core/Startup/startup_stm32f103rbtx.o
                0x0000000008000988                Reset_Handler
 .text.Default_Handler
                0x00000000080009d0        0x2 ./Core/Startup/startup_stm32f103rbtx.o
                0x00000000080009d0                RTC_Alarm_IRQHandler
                0x00000000080009d0                EXTI2_IRQHandler
                0x00000000080009d0                TIM1_CC_IRQHandler
                0x00000000080009d0                PVD_IRQHandler
                0x00000000080009d0                EXTI3_IRQHandler
                0x00000000080009d0                EXTI0_IRQHandler
                0x00000000080009d0                I2C2_EV_IRQHandler
                0x00000000080009d0                ADC1_2_IRQHandler
                0x00000000080009d0                SPI1_IRQHandler
                0x00000000080009d0                TAMPER_IRQHandler
                0x00000000080009d0                DMA1_Channel4_IRQHandler
                0x00000000080009d0                USART3_IRQHandler
                0x00000000080009d0                RTC_IRQHandler
                0x00000000080009d0                DMA1_Channel7_IRQHandler
                0x00000000080009d0                CAN1_RX1_IRQHandler
                0x00000000080009d0                TIM4_IRQHandler
                0x00000000080009d0                DMA1_Channel6_IRQHandler
                0x00000000080009d0                TIM3_IRQHandler
                0x00000000080009d0                RCC_IRQHandler
                0x00000000080009d0                TIM1_TRG_COM_IRQHandler
                0x00000000080009d0                DMA1_Channel1_IRQHandler
                0x00000000080009d0                Default_Handler
                0x00000000080009d0                EXTI15_10_IRQHandler
                0x00000000080009d0                EXTI9_5_IRQHandler
                0x00000000080009d0                SPI2_IRQHandler
                0x00000000080009d0                DMA1_Channel5_IRQHandler
                0x00000000080009d0                EXTI4_IRQHandler
                0x00000000080009d0                USB_LP_CAN1_RX0_IRQHandler
                0x00000000080009d0                USB_HP_CAN1_TX_IRQHandler
                0x00000000080009d0                DMA1_Channel3_IRQHandler
                0x00000000080009d0                TIM1_UP_IRQHandler
                0x00000000080009d0                WWDG_IRQHandler
                0x00000000080009d0                TIM1_BRK_IRQHandler
                0x00000000080009d0                EXTI1_IRQHandler
                0x00000000080009d0                USART2_IRQHandler
                0x00000000080009d0                I2C2_ER_IRQHandler
                0x00000000080009d0                DMA1_Channel2_IRQHandler
                0x00000000080009d0                CAN1_SCE_IRQHandler
                0x00000000080009d0                FLASH_IRQHandler
                0x00000000080009d0                USART1_IRQHandler
                0x00000000080009d0                USBWakeUp_IRQHandler
 *fill*         0x00000000080009d2        0x2 
 .text.HAL_Init
                0x00000000080009d4       0x2c ./Drivers/STM32F1xx_HAL_Driver/Src/stm32f1xx_hal.o
                0x00000000080009d4                HAL_Init
 .text.HAL_InitTick
                0x0000000008000a00       0x60 ./Drivers/STM32F1xx_HAL_Driver/Src/stm32f1xx_hal.o
                0x0000000008000a00                HAL_InitTick
 .text.HAL_IncTick
                0x0000000008000a60       0x24 ./Drivers/STM32F1xx_HAL_Driver/Src/stm32f1xx_hal.o
                0x0000000008000a60                HAL_IncTick
 .text.HAL_GetTick
                0x0000000008000a84       0x14 ./Drivers/STM32F1xx_HAL_Driver/Src/stm32f1xx_hal.o
                0x0000000008000a84                HAL_GetTick
 .text.__NVIC_SetPriorityGrouping
                0x0000000008000a98       0x48 ./Drivers/STM32F1xx_HAL_Driver/Src/stm32f1xx_hal_cortex.o
 .text.__NVIC_GetPriorityGrouping
                0x0000000008000ae0       0x1c ./Drivers/STM32F1xx_HAL_Driver/Src/stm32f1xx_hal_cortex.o
 .text.__NVIC_EnableIRQ
                0x0000000008000afc       0x38 ./Drivers/STM32F1xx_HAL_Driver/Src/stm32f1xx_hal_cortex.o
 .text.__NVIC_SetPriority
                0x0000000008000b34       0x54 ./Drivers/STM32F1xx_HAL_Driver/Src/stm32f1xx_hal_cortex.o
 .text.NVIC_EncodePriority
                0x0000000008000b88       0x64 ./Drivers/STM32F1xx_HAL_Driver/Src/stm32f1xx_hal_cortex.o
 .text.SysTick_Config
                0x0000000008000bec       0x44 ./Drivers/STM32F1xx_HAL_Driver/Src/stm32f1xx_hal_cortex.o
 .text.HAL_NVIC_SetPriorityGrouping
                0x0000000008000c30       0x16 ./Drivers/STM32F1xx_HAL_Driver/Src/stm32f1xx_hal_cortex.o
                0x0000000008000c30                HAL_NVIC_SetPriorityGrouping
 .text.HAL_NVIC_SetPriority
                0x0000000008000c46       0x38 ./Drivers/STM32F1xx_HAL_Driver/Src/stm32f1xx_hal_cortex.o
                0x0000000008000c46                HAL_NVIC_SetPriority
 .text.HAL_NVIC_EnableIRQ
                0x0000000008000c7e       0x1c ./Drivers/STM32F1xx_HAL_Driver/Src/stm32f1xx_hal_cortex.o
                0x0000000008000c7e                HAL_NVIC_EnableIRQ
 .text.HAL_SYSTICK_Config
                0x0000000008000c9a       0x18 ./Drivers/STM32F1xx_HAL_Driver/Src/stm32f1xx_hal_cortex.o
                0x0000000008000c9a                HAL_SYSTICK_Config
 *fill*         0x0000000008000cb2        0x2 
 .text.HAL_DMA_Abort_IT
                0x0000000008000cb4       0xf0 ./Drivers/STM32F1xx_HAL_Driver/Src/stm32f1xx_hal_dma.o
                0x0000000008000cb4                HAL_DMA_Abort_IT
 .text.HAL_DMA_GetState
                0x0000000008000da4       0x1a ./Drivers/STM32F1xx_HAL_Driver/Src/stm32f1xx_hal_dma.o
                0x0000000008000da4                HAL_DMA_GetState
 *fill*         0x0000000008000dbe        0x2 
 .text.HAL_GPIO_Init
                0x0000000008000dc0      0x308 ./Drivers/STM32F1xx_HAL_Driver/Src/stm32f1xx_hal_gpio.o
                0x0000000008000dc0                HAL_GPIO_Init
 .text.HAL_GPIO_ReadPin
                0x00000000080010c8       0x2e ./Drivers/STM32F1xx_HAL_Driver/Src/stm32f1xx_hal_gpio.o
                0x00000000080010c8                HAL_GPIO_ReadPin
 .text.HAL_GPIO_WritePin
                0x00000000080010f6       0x30 ./Drivers/STM32F1xx_HAL_Driver/Src/stm32f1xx_hal_gpio.o
                0x00000000080010f6                HAL_GPIO_WritePin
 *fill*         0x0000000008001126        0x2 
 .text.HAL_I2C_Init
                0x0000000008001128      0x288 ./Drivers/STM32F1xx_HAL_Driver/Src/stm32f1xx_hal_i2c.o
                0x0000000008001128                HAL_I2C_Init
 .text.I2C_Flush_DR
                0x00000000080013b0       0x28 ./Drivers/STM32F1xx_HAL_Driver/Src/stm32f1xx_hal_i2c.o
 .text.HAL_I2C_Slave_Seq_Receive_IT
                0x00000000080013d8       0xe4 ./Drivers/STM32F1xx_HAL_Driver/Src/stm32f1xx_hal_i2c.o
                0x00000000080013d8                HAL_I2C_Slave_Seq_Receive_IT
 .text.HAL_I2C_EnableListen_IT
                0x00000000080014bc       0x6a ./Drivers/STM32F1xx_HAL_Driver/Src/stm32f1xx_hal_i2c.o
                0x00000000080014bc                HAL_I2C_EnableListen_IT
 .text.HAL_I2C_EV_IRQHandler
                0x0000000008001526      0x2e2 ./Drivers/STM32F1xx_HAL_Driver/Src/stm32f1xx_hal_i2c.o
                0x0000000008001526                HAL_I2C_EV_IRQHandler
 .text.HAL_I2C_ER_IRQHandler
                0x0000000008001808      0x15e ./Drivers/STM32F1xx_HAL_Driver/Src/stm32f1xx_hal_i2c.o
                0x0000000008001808                HAL_I2C_ER_IRQHandler
 .text.HAL_I2C_MasterTxCpltCallback
                0x0000000008001966       0x12 ./Drivers/STM32F1xx_HAL_Driver/Src/stm32f1xx_hal_i2c.o
                0x0000000008001966                HAL_I2C_MasterTxCpltCallback
 .text.HAL_I2C_MasterRxCpltCallback
                0x0000000008001978       0x12 ./Drivers/STM32F1xx_HAL_Driver/Src/stm32f1xx_hal_i2c.o
                0x0000000008001978                HAL_I2C_MasterRxCpltCallback
 .text.HAL_I2C_SlaveTxCpltCallback
                0x000000000800198a       0x12 ./Drivers/STM32F1xx_HAL_Driver/Src/stm32f1xx_hal_i2c.o
                0x000000000800198a                HAL_I2C_SlaveTxCpltCallback
 .text.HAL_I2C_MemTxCpltCallback
                0x000000000800199c       0x12 ./Drivers/STM32F1xx_HAL_Driver/Src/stm32f1xx_hal_i2c.o
                0x000000000800199c                HAL_I2C_MemTxCpltCallback
 .text.HAL_I2C_MemRxCpltCallback
                0x00000000080019ae       0x12 ./Drivers/STM32F1xx_HAL_Driver/Src/stm32f1xx_hal_i2c.o
                0x00000000080019ae                HAL_I2C_MemRxCpltCallback
 .text.HAL_I2C_AbortCpltCallback
                0x00000000080019c0       0x12 ./Drivers/STM32F1xx_HAL_Driver/Src/stm32f1xx_hal_i2c.o
                0x00000000080019c0                HAL_I2C_AbortCpltCallback
 .text.I2C_MasterTransmit_TXE
                0x00000000080019d2      0x138 ./Drivers/STM32F1xx_HAL_Driver/Src/stm32f1xx_hal_i2c.o
 .text.I2C_MasterTransmit_BTF
                0x0000000008001b0a       0xec ./Drivers/STM32F1xx_HAL_Driver/Src/stm32f1xx_hal_i2c.o
 .text.I2C_MemoryTransmit_TXE_BTF
                0x0000000008001bf6      0x130 ./Drivers/STM32F1xx_HAL_Driver/Src/stm32f1xx_hal_i2c.o
 .text.I2C_MasterReceive_RXNE
                0x0000000008001d26      0x190 ./Drivers/STM32F1xx_HAL_Driver/Src/stm32f1xx_hal_i2c.o
 .text.I2C_MasterReceive_BTF
                0x0000000008001eb6      0x1e2 ./Drivers/STM32F1xx_HAL_Driver/Src/stm32f1xx_hal_i2c.o
 .text.I2C_Master_SB
                0x0000000008002098      0x10a ./Drivers/STM32F1xx_HAL_Driver/Src/stm32f1xx_hal_i2c.o
 .text.I2C_Master_ADD10
                0x00000000080021a2       0x52 ./Drivers/STM32F1xx_HAL_Driver/Src/stm32f1xx_hal_i2c.o
 .text.I2C_Master_ADDR
                0x00000000080021f4      0x336 ./Drivers/STM32F1xx_HAL_Driver/Src/stm32f1xx_hal_i2c.o
 .text.I2C_SlaveTransmit_TXE
                0x000000000800252a       0x7a ./Drivers/STM32F1xx_HAL_Driver/Src/stm32f1xx_hal_i2c.o
 .text.I2C_SlaveTransmit_BTF
                0x00000000080025a4       0x40 ./Drivers/STM32F1xx_HAL_Driver/Src/stm32f1xx_hal_i2c.o
 .text.I2C_SlaveReceive_RXNE
                0x00000000080025e4       0x7c ./Drivers/STM32F1xx_HAL_Driver/Src/stm32f1xx_hal_i2c.o
 .text.I2C_SlaveReceive_BTF
                0x0000000008002660       0x42 ./Drivers/STM32F1xx_HAL_Driver/Src/stm32f1xx_hal_i2c.o
 .text.I2C_Slave_ADDR
                0x00000000080026a2       0x94 ./Drivers/STM32F1xx_HAL_Driver/Src/stm32f1xx_hal_i2c.o
 *fill*         0x0000000008002736        0x2 
 .text.I2C_Slave_STOPF
                0x0000000008002738      0x260 ./Drivers/STM32F1xx_HAL_Driver/Src/stm32f1xx_hal_i2c.o
 .text.I2C_Slave_AF
                0x0000000008002998       0xe8 ./Drivers/STM32F1xx_HAL_Driver/Src/stm32f1xx_hal_i2c.o
 .text.I2C_ITError
                0x0000000008002a80      0x264 ./Drivers/STM32F1xx_HAL_Driver/Src/stm32f1xx_hal_i2c.o
 .text.I2C_DMAAbort
                0x0000000008002ce4      0x150 ./Drivers/STM32F1xx_HAL_Driver/Src/stm32f1xx_hal_i2c.o
 .text.I2C_WaitOnSTOPRequestThroughIT
                0x0000000008002e34       0x64 ./Drivers/STM32F1xx_HAL_Driver/Src/stm32f1xx_hal_i2c.o
 .text.I2C_ConvertOtherXferOptions
                0x0000000008002e98       0x34 ./Drivers/STM32F1xx_HAL_Driver/Src/stm32f1xx_hal_i2c.o
 .text.HAL_RCC_OscConfig
                0x0000000008002ecc      0x500 ./Drivers/STM32F1xx_HAL_Driver/Src/stm32f1xx_hal_rcc.o
                0x0000000008002ecc                HAL_RCC_OscConfig
 .text.HAL_RCC_ClockConfig
                0x00000000080033cc      0x1d4 ./Drivers/STM32F1xx_HAL_Driver/Src/stm32f1xx_hal_rcc.o
                0x00000000080033cc                HAL_RCC_ClockConfig
 .text.HAL_RCC_GetSysClockFreq
                0x00000000080035a0       0xa8 ./Drivers/STM32F1xx_HAL_Driver/Src/stm32f1xx_hal_rcc.o
                0x00000000080035a0                HAL_RCC_GetSysClockFreq
 .text.HAL_RCC_GetHCLKFreq
                0x0000000008003648       0x14 ./Drivers/STM32F1xx_HAL_Driver/Src/stm32f1xx_hal_rcc.o
                0x0000000008003648                HAL_RCC_GetHCLKFreq
 .text.HAL_RCC_GetPCLK1Freq
                0x000000000800365c       0x28 ./Drivers/STM32F1xx_HAL_Driver/Src/stm32f1xx_hal_rcc.o
                0x000000000800365c                HAL_RCC_GetPCLK1Freq
 .text.RCC_Delay
                0x0000000008003684       0x3c ./Drivers/STM32F1xx_HAL_Driver/Src/stm32f1xx_hal_rcc.o
 .text.HAL_TIM_Base_Init
                0x00000000080036c0       0x9e ./Drivers/STM32F1xx_HAL_Driver/Src/stm32f1xx_hal_tim.o
                0x00000000080036c0                HAL_TIM_Base_Init
 *fill*         0x000000000800375e        0x2 
 .text.HAL_TIM_Base_Start_IT
                0x0000000008003760       0xa4 ./Drivers/STM32F1xx_HAL_Driver/Src/stm32f1xx_hal_tim.o
                0x0000000008003760                HAL_TIM_Base_Start_IT
 .text.HAL_TIM_IRQHandler
                0x0000000008003804      0x1e0 ./Drivers/STM32F1xx_HAL_Driver/Src/stm32f1xx_hal_tim.o
                0x0000000008003804                HAL_TIM_IRQHandler
 .text.HAL_TIM_ConfigClockSource
                0x00000000080039e4      0x18e ./Drivers/STM32F1xx_HAL_Driver/Src/stm32f1xx_hal_tim.o
                0x00000000080039e4                HAL_TIM_ConfigClockSource
 .text.HAL_TIM_OC_DelayElapsedCallback
                0x0000000008003b72       0x12 ./Drivers/STM32F1xx_HAL_Driver/Src/stm32f1xx_hal_tim.o
                0x0000000008003b72                HAL_TIM_OC_DelayElapsedCallback
 .text.HAL_TIM_IC_CaptureCallback
                0x0000000008003b84       0x12 ./Drivers/STM32F1xx_HAL_Driver/Src/stm32f1xx_hal_tim.o
                0x0000000008003b84                HAL_TIM_IC_CaptureCallback
 .text.HAL_TIM_PWM_PulseFinishedCallback
                0x0000000008003b96       0x12 ./Drivers/STM32F1xx_HAL_Driver/Src/stm32f1xx_hal_tim.o
                0x0000000008003b96                HAL_TIM_PWM_PulseFinishedCallback
 .text.HAL_TIM_TriggerCallback
                0x0000000008003ba8       0x12 ./Drivers/STM32F1xx_HAL_Driver/Src/stm32f1xx_hal_tim.o
                0x0000000008003ba8                HAL_TIM_TriggerCallback
 *fill*         0x0000000008003bba        0x2 
 .text.TIM_Base_SetConfig
                0x0000000008003bbc       0xdc ./Drivers/STM32F1xx_HAL_Driver/Src/stm32f1xx_hal_tim.o
                0x0000000008003bbc                TIM_Base_SetConfig
 .text.TIM_TI1_ConfigInputStage
                0x0000000008003c98       0x5c ./Drivers/STM32F1xx_HAL_Driver/Src/stm32f1xx_hal_tim.o
 .text.TIM_TI2_ConfigInputStage
                0x0000000008003cf4       0x5e ./Drivers/STM32F1xx_HAL_Driver/Src/stm32f1xx_hal_tim.o
 .text.TIM_ITRx_SetConfig
                0x0000000008003d52       0x34 ./Drivers/STM32F1xx_HAL_Driver/Src/stm32f1xx_hal_tim.o
 .text.TIM_ETR_SetConfig
                0x0000000008003d86       0x3e ./Drivers/STM32F1xx_HAL_Driver/Src/stm32f1xx_hal_tim.o
                0x0000000008003d86                TIM_ETR_SetConfig
 .text.HAL_TIMEx_MasterConfigSynchronization
                0x0000000008003dc4       0xbc ./Drivers/STM32F1xx_HAL_Driver/Src/stm32f1xx_hal_tim_ex.o
                0x0000000008003dc4                HAL_TIMEx_MasterConfigSynchronization
 .text.HAL_TIMEx_CommutCallback
                0x0000000008003e80       0x12 ./Drivers/STM32F1xx_HAL_Driver/Src/stm32f1xx_hal_tim_ex.o
                0x0000000008003e80                HAL_TIMEx_CommutCallback
 .text.HAL_TIMEx_BreakCallback
                0x0000000008003e92       0x12 ./Drivers/STM32F1xx_HAL_Driver/Src/stm32f1xx_hal_tim_ex.o
                0x0000000008003e92                HAL_TIMEx_BreakCallback
 .text.DISPLAY_LED_7_SEGMENT_PREMIUM
                0x0000000008003ea4      0x63c ./SOW/Src/LED_7_SEGMENT.o
                0x0000000008003ea4                DISPLAY_LED_7_SEGMENT_PREMIUM
 .text.HAL_I2C_ListenCpltCallback
                0x00000000080044e0       0x16 ./SOW/Src/i2c_slave.o
                0x00000000080044e0                HAL_I2C_ListenCpltCallback
 *fill*         0x00000000080044f6        0x2 
 .text.HAL_I2C_AddrCallback
                0x00000000080044f8       0x34 ./SOW/Src/i2c_slave.o
                0x00000000080044f8                HAL_I2C_AddrCallback
 .text.HAL_I2C_SlaveRxCpltCallback
                0x000000000800452c       0x12 ./SOW/Src/i2c_slave.o
                0x000000000800452c                HAL_I2C_SlaveRxCpltCallback
 .text.HAL_I2C_ErrorCallback
                0x000000000800453e       0x16 ./SOW/Src/i2c_slave.o
                0x000000000800453e                HAL_I2C_ErrorCallback
 .text.button_reading
                0x0000000008004554      0x12c ./SOW/Src/input_reading.o
                0x0000000008004554                button_reading
 .text.setTimer1
                0x0000000008004680       0x3c ./SOW/Src/software_timer.o
                0x0000000008004680                setTimer1
 .text.timerRun
                0x00000000080046bc       0x60 ./SOW/Src/software_timer.o
                0x00000000080046bc                timerRun
 .text.__libc_init_array
                0x000000000800471c       0x48 c:/users/thuyh/stm32cubeide_1.7.0/stm32cubeide/plugins/com.st.stm32cube.ide.mcu.externaltools.gnu-tools-for-stm32.9-2020-q2-update.win32_2.0.0.202105311346/tools/bin/../lib/gcc/arm-none-eabi/9.3.1/../../../../arm-none-eabi/lib/thumb/v7-m/nofp\libc_nano.a(lib_a-init.o)
                0x000000000800471c                __libc_init_array
 .text.memset   0x0000000008004764       0x10 c:/users/thuyh/stm32cubeide_1.7.0/stm32cubeide/plugins/com.st.stm32cube.ide.mcu.externaltools.gnu-tools-for-stm32.9-2020-q2-update.win32_2.0.0.202105311346/tools/bin/../lib/gcc/arm-none-eabi/9.3.1/../../../../arm-none-eabi/lib/thumb/v7-m/nofp\libc_nano.a(lib_a-memset.o)
                0x0000000008004764                memset
 *(.glue_7)
 .glue_7        0x0000000008004774        0x0 linker stubs
 *(.glue_7t)
 .glue_7t       0x0000000008004774        0x0 linker stubs
 *(.eh_frame)
 .eh_frame      0x0000000008004774        0x0 c:/users/thuyh/stm32cubeide_1.7.0/stm32cubeide/plugins/com.st.stm32cube.ide.mcu.externaltools.gnu-tools-for-stm32.9-2020-q2-update.win32_2.0.0.202105311346/tools/bin/../lib/gcc/arm-none-eabi/9.3.1/thumb/v7-m/nofp/crtbegin.o
 *(.init)
 .init          0x0000000008004774        0x4 c:/users/thuyh/stm32cubeide_1.7.0/stm32cubeide/plugins/com.st.stm32cube.ide.mcu.externaltools.gnu-tools-for-stm32.9-2020-q2-update.win32_2.0.0.202105311346/tools/bin/../lib/gcc/arm-none-eabi/9.3.1/thumb/v7-m/nofp/crti.o
                0x0000000008004774                _init
 .init          0x0000000008004778        0x8 c:/users/thuyh/stm32cubeide_1.7.0/stm32cubeide/plugins/com.st.stm32cube.ide.mcu.externaltools.gnu-tools-for-stm32.9-2020-q2-update.win32_2.0.0.202105311346/tools/bin/../lib/gcc/arm-none-eabi/9.3.1/thumb/v7-m/nofp/crtn.o
 *(.fini)
 .fini          0x0000000008004780        0x4 c:/users/thuyh/stm32cubeide_1.7.0/stm32cubeide/plugins/com.st.stm32cube.ide.mcu.externaltools.gnu-tools-for-stm32.9-2020-q2-update.win32_2.0.0.202105311346/tools/bin/../lib/gcc/arm-none-eabi/9.3.1/thumb/v7-m/nofp/crti.o
                0x0000000008004780                _fini
 .fini          0x0000000008004784        0x8 c:/users/thuyh/stm32cubeide_1.7.0/stm32cubeide/plugins/com.st.stm32cube.ide.mcu.externaltools.gnu-tools-for-stm32.9-2020-q2-update.win32_2.0.0.202105311346/tools/bin/../lib/gcc/arm-none-eabi/9.3.1/thumb/v7-m/nofp/crtn.o
                0x000000000800478c                . = ALIGN (0x4)
                0x000000000800478c                _etext = .

.vfp11_veneer   0x000000000800478c        0x0
 .vfp11_veneer  0x000000000800478c        0x0 linker stubs

.v4_bx          0x000000000800478c        0x0
 .v4_bx         0x000000000800478c        0x0 linker stubs

.iplt           0x000000000800478c        0x0
 .iplt          0x000000000800478c        0x0 c:/users/thuyh/stm32cubeide_1.7.0/stm32cubeide/plugins/com.st.stm32cube.ide.mcu.externaltools.gnu-tools-for-stm32.9-2020-q2-update.win32_2.0.0.202105311346/tools/bin/../lib/gcc/arm-none-eabi/9.3.1/thumb/v7-m/nofp/crtbegin.o

.rodata         0x000000000800478c       0x2c
                0x000000000800478c                . = ALIGN (0x4)
 *(.rodata)
 *(.rodata*)
 .rodata.AHBPrescTable
                0x000000000800478c       0x10 ./Core/Src/system_stm32f1xx.o
                0x000000000800478c                AHBPrescTable
 .rodata.APBPrescTable
                0x000000000800479c        0x8 ./Core/Src/system_stm32f1xx.o
                0x000000000800479c                APBPrescTable
 .rodata.aPLLMULFactorTable.6283
                0x00000000080047a4       0x10 ./Drivers/STM32F1xx_HAL_Driver/Src/stm32f1xx_hal_rcc.o
 .rodata.aPredivFactorTable.6284
                0x00000000080047b4        0x2 ./Drivers/STM32F1xx_HAL_Driver/Src/stm32f1xx_hal_rcc.o
                0x00000000080047b8                . = ALIGN (0x4)
 *fill*         0x00000000080047b6        0x2 

.rel.dyn        0x00000000080047b8        0x0
 .rel.iplt      0x00000000080047b8        0x0 c:/users/thuyh/stm32cubeide_1.7.0/stm32cubeide/plugins/com.st.stm32cube.ide.mcu.externaltools.gnu-tools-for-stm32.9-2020-q2-update.win32_2.0.0.202105311346/tools/bin/../lib/gcc/arm-none-eabi/9.3.1/thumb/v7-m/nofp/crtbegin.o

.ARM.extab      0x00000000080047b8        0x0
                0x00000000080047b8                . = ALIGN (0x4)
 *(.ARM.extab* .gnu.linkonce.armextab.*)
                0x00000000080047b8                . = ALIGN (0x4)

.ARM            0x00000000080047b8        0x0
                0x00000000080047b8                . = ALIGN (0x4)
                0x00000000080047b8                __exidx_start = .
 *(.ARM.exidx*)
                0x00000000080047b8                __exidx_end = .
                0x00000000080047b8                . = ALIGN (0x4)

.preinit_array  0x00000000080047b8        0x0
                0x00000000080047b8                . = ALIGN (0x4)
                0x00000000080047b8                PROVIDE (__preinit_array_start = .)
 *(.preinit_array*)
                0x00000000080047b8                PROVIDE (__preinit_array_end = .)
                0x00000000080047b8                . = ALIGN (0x4)

.init_array     0x00000000080047b8        0x4
                0x00000000080047b8                . = ALIGN (0x4)
                0x00000000080047b8                PROVIDE (__init_array_start = .)
 *(SORT_BY_NAME(.init_array.*))
 *(.init_array*)
 .init_array    0x00000000080047b8        0x4 c:/users/thuyh/stm32cubeide_1.7.0/stm32cubeide/plugins/com.st.stm32cube.ide.mcu.externaltools.gnu-tools-for-stm32.9-2020-q2-update.win32_2.0.0.202105311346/tools/bin/../lib/gcc/arm-none-eabi/9.3.1/thumb/v7-m/nofp/crtbegin.o
                0x00000000080047bc                PROVIDE (__init_array_end = .)
                0x00000000080047bc                . = ALIGN (0x4)

.fini_array     0x00000000080047bc        0x4
                0x00000000080047bc                . = ALIGN (0x4)
                [!provide]                        PROVIDE (__fini_array_start = .)
 *(SORT_BY_NAME(.fini_array.*))
 *(.fini_array*)
 .fini_array    0x00000000080047bc        0x4 c:/users/thuyh/stm32cubeide_1.7.0/stm32cubeide/plugins/com.st.stm32cube.ide.mcu.externaltools.gnu-tools-for-stm32.9-2020-q2-update.win32_2.0.0.202105311346/tools/bin/../lib/gcc/arm-none-eabi/9.3.1/thumb/v7-m/nofp/crtbegin.o
                [!provide]                        PROVIDE (__fini_array_end = .)
                0x00000000080047c0                . = ALIGN (0x4)
                0x00000000080047c0                _sidata = LOADADDR (.data)

.data           0x0000000020000000       0x88 load address 0x00000000080047c0
                0x0000000020000000                . = ALIGN (0x4)
                0x0000000020000000                _sdata = .
 *(.data)
 *(.data*)
 .data.GPIOx    0x0000000020000000        0xc ./Core/Src/main.o
                0x0000000020000000                GPIOx
 .data.GPIO_Pin
                0x000000002000000c        0x6 ./Core/Src/main.o
                0x000000002000000c                GPIO_Pin
 *fill*         0x0000000020000012        0x2 
 .data.SystemCoreClock
                0x0000000020000014        0x4 ./Core/Src/system_stm32f1xx.o
                0x0000000020000014                SystemCoreClock
 .data.LED70    0x0000000020000018       0x1c ./Core/Src/two_way_traffic.o
                0x0000000020000018                LED70
 .data.LED70_Pin
                0x0000000020000034        0xe ./Core/Src/two_way_traffic.o
                0x0000000020000034                LED70_Pin
 *fill*         0x0000000020000042        0x2 
 .data.LED71    0x0000000020000044       0x1c ./Core/Src/two_way_traffic.o
                0x0000000020000044                LED71
 .data.LED71_Pin
                0x0000000020000060        0xe ./Core/Src/two_way_traffic.o
                0x0000000020000060                LED71_Pin
 *fill*         0x000000002000006e        0x2 
 .data.count    0x0000000020000070        0x4 ./Core/Src/two_way_traffic.o
                0x0000000020000070                count
 .data.count_1  0x0000000020000074        0x4 ./Core/Src/two_way_traffic.o
                0x0000000020000074                count_1
 .data.uwTickPrio
                0x0000000020000078        0x4 ./Drivers/STM32F1xx_HAL_Driver/Src/stm32f1xx_hal.o
                0x0000000020000078                uwTickPrio
 .data.uwTickFreq
                0x000000002000007c        0x1 ./Drivers/STM32F1xx_HAL_Driver/Src/stm32f1xx_hal.o
                0x000000002000007c                uwTickFreq
 *fill*         0x000000002000007d        0x3 
 .data.time_out_input
                0x0000000020000080        0x4 ./SOW/Src/input_reading.o
                0x0000000020000080                time_out_input
 .data.time_cycle
                0x0000000020000084        0x4 ./SOW/Src/software_timer.o
                0x0000000020000084                time_cycle
 *(.RamFunc)
 *(.RamFunc*)
                0x0000000020000088                . = ALIGN (0x4)
                0x0000000020000088                _edata = .

.igot.plt       0x0000000020000088        0x0 load address 0x0000000008004848
 .igot.plt      0x0000000020000088        0x0 c:/users/thuyh/stm32cubeide_1.7.0/stm32cubeide/plugins/com.st.stm32cube.ide.mcu.externaltools.gnu-tools-for-stm32.9-2020-q2-update.win32_2.0.0.202105311346/tools/bin/../lib/gcc/arm-none-eabi/9.3.1/thumb/v7-m/nofp/crtbegin.o
                0x0000000020000088                . = ALIGN (0x4)

.bss            0x0000000020000088      0x130 load address 0x0000000008004848
                0x0000000020000088                _sbss = .
                0x0000000020000088                __bss_start__ = _sbss
 *(.bss)
 .bss           0x0000000020000088       0x1c c:/users/thuyh/stm32cubeide_1.7.0/stm32cubeide/plugins/com.st.stm32cube.ide.mcu.externaltools.gnu-tools-for-stm32.9-2020-q2-update.win32_2.0.0.202105311346/tools/bin/../lib/gcc/arm-none-eabi/9.3.1/thumb/v7-m/nofp/crtbegin.o
 *(.bss*)
 .bss.debounceButtonBuffer1
                0x00000000200000a4        0x3 ./SOW/Src/input_reading.o
 *fill*         0x00000000200000a7        0x1 
 .bss.debounceButtonBuffer2
                0x00000000200000a8        0x3 ./SOW/Src/input_reading.o
 *fill*         0x00000000200000ab        0x1 
 .bss.debounceButtonBuffer3
                0x00000000200000ac        0x3 ./SOW/Src/input_reading.o
 *fill*         0x00000000200000af        0x1 
 .bss.debounceButtonBuffer4
                0x00000000200000b0        0x3 ./SOW/Src/input_reading.o
 *fill*         0x00000000200000b3        0x1 
 .bss.flagForButtonPress
                0x00000000200000b4        0x3 ./SOW/Src/input_reading.o
 *fill*         0x00000000200000b7        0x1 
 .bss.flagForButton_longPress
                0x00000000200000b8        0x3 ./SOW/Src/input_reading.o
 *(COMMON)
 *fill*         0x00000000200000bb        0x1 
 COMMON         0x00000000200000bc       0x9c ./Core/Src/main.o
                0x00000000200000bc                hi2c1
                0x0000000020000110                htim2
 COMMON         0x0000000020000158        0x4 ./Core/Src/two_way_traffic.o
                0x0000000020000158                state
 COMMON         0x000000002000015c        0x4 ./Drivers/STM32F1xx_HAL_Driver/Src/stm32f1xx_hal.o
                0x000000002000015c                uwTick
 COMMON         0x0000000020000160        0x6 ./SOW/Src/i2c_slave.o
                0x0000000020000160                Rxdata
 *fill*         0x0000000020000166        0x2 
 COMMON         0x0000000020000168       0x50 ./SOW/Src/software_timer.o
                0x0000000020000168                timer1_flag
                0x0000000020000190                timer1_counter
                0x00000000200001b8                . = ALIGN (0x4)
                0x00000000200001b8                _ebss = .
                0x00000000200001b8                __bss_end__ = _ebss

._user_heap_stack
                0x00000000200001b8      0x600 load address 0x0000000008004848
                0x00000000200001b8                . = ALIGN (0x8)
                [!provide]                        PROVIDE (end = .)
                0x00000000200001b8                PROVIDE (_end = .)
                0x00000000200003b8                . = (. + _Min_Heap_Size)
 *fill*         0x00000000200001b8      0x200 
                0x00000000200007b8                . = (. + _Min_Stack_Size)
 *fill*         0x00000000200003b8      0x400 
                0x00000000200007b8                . = ALIGN (0x8)

/DISCARD/
 libc.a(*)
 libm.a(*)
 libgcc.a(*)

.ARM.attributes
                0x0000000000000000       0x29
 *(.ARM.attributes)
 .ARM.attributes
                0x0000000000000000       0x1d c:/users/thuyh/stm32cubeide_1.7.0/stm32cubeide/plugins/com.st.stm32cube.ide.mcu.externaltools.gnu-tools-for-stm32.9-2020-q2-update.win32_2.0.0.202105311346/tools/bin/../lib/gcc/arm-none-eabi/9.3.1/thumb/v7-m/nofp/crti.o
 .ARM.attributes
                0x000000000000001d       0x2d c:/users/thuyh/stm32cubeide_1.7.0/stm32cubeide/plugins/com.st.stm32cube.ide.mcu.externaltools.gnu-tools-for-stm32.9-2020-q2-update.win32_2.0.0.202105311346/tools/bin/../lib/gcc/arm-none-eabi/9.3.1/thumb/v7-m/nofp/crtbegin.o
 .ARM.attributes
                0x000000000000004a       0x2d ./Core/Src/main.o
 .ARM.attributes
                0x0000000000000077       0x2d ./Core/Src/stm32f1xx_hal_msp.o
 .ARM.attributes
                0x00000000000000a4       0x2d ./Core/Src/stm32f1xx_it.o
 .ARM.attributes
                0x00000000000000d1       0x2d ./Core/Src/system_stm32f1xx.o
 .ARM.attributes
                0x00000000000000fe       0x2d ./Core/Src/two_way_traffic.o
 .ARM.attributes
                0x000000000000012b       0x21 ./Core/Startup/startup_stm32f103rbtx.o
 .ARM.attributes
                0x000000000000014c       0x2d ./Drivers/STM32F1xx_HAL_Driver/Src/stm32f1xx_hal.o
 .ARM.attributes
                0x0000000000000179       0x2d ./Drivers/STM32F1xx_HAL_Driver/Src/stm32f1xx_hal_cortex.o
 .ARM.attributes
                0x00000000000001a6       0x2d ./Drivers/STM32F1xx_HAL_Driver/Src/stm32f1xx_hal_dma.o
 .ARM.attributes
                0x00000000000001d3       0x2d ./Drivers/STM32F1xx_HAL_Driver/Src/stm32f1xx_hal_gpio.o
 .ARM.attributes
                0x0000000000000200       0x2d ./Drivers/STM32F1xx_HAL_Driver/Src/stm32f1xx_hal_i2c.o
 .ARM.attributes
                0x000000000000022d       0x2d ./Drivers/STM32F1xx_HAL_Driver/Src/stm32f1xx_hal_rcc.o
 .ARM.attributes
                0x000000000000025a       0x2d ./Drivers/STM32F1xx_HAL_Driver/Src/stm32f1xx_hal_tim.o
 .ARM.attributes
                0x0000000000000287       0x2d ./Drivers/STM32F1xx_HAL_Driver/Src/stm32f1xx_hal_tim_ex.o
 .ARM.attributes
                0x00000000000002b4       0x2d ./SOW/Src/LED_7_SEGMENT.o
 .ARM.attributes
                0x00000000000002e1       0x2d ./SOW/Src/i2c_slave.o
 .ARM.attributes
                0x000000000000030e       0x2d ./SOW/Src/input_reading.o
 .ARM.attributes
                0x000000000000033b       0x2d ./SOW/Src/software_timer.o
 .ARM.attributes
                0x0000000000000368       0x2d c:/users/thuyh/stm32cubeide_1.7.0/stm32cubeide/plugins/com.st.stm32cube.ide.mcu.externaltools.gnu-tools-for-stm32.9-2020-q2-update.win32_2.0.0.202105311346/tools/bin/../lib/gcc/arm-none-eabi/9.3.1/../../../../arm-none-eabi/lib/thumb/v7-m/nofp\libc_nano.a(lib_a-init.o)
 .ARM.attributes
                0x0000000000000395       0x2d c:/users/thuyh/stm32cubeide_1.7.0/stm32cubeide/plugins/com.st.stm32cube.ide.mcu.externaltools.gnu-tools-for-stm32.9-2020-q2-update.win32_2.0.0.202105311346/tools/bin/../lib/gcc/arm-none-eabi/9.3.1/../../../../arm-none-eabi/lib/thumb/v7-m/nofp\libc_nano.a(lib_a-memset.o)
 .ARM.attributes
                0x00000000000003c2       0x1d c:/users/thuyh/stm32cubeide_1.7.0/stm32cubeide/plugins/com.st.stm32cube.ide.mcu.externaltools.gnu-tools-for-stm32.9-2020-q2-update.win32_2.0.0.202105311346/tools/bin/../lib/gcc/arm-none-eabi/9.3.1/thumb/v7-m/nofp/crtn.o
OUTPUT(LAB2_Nucleo_project.elf elf32-littlearm)
LOAD linker stubs
LOAD c:/users/thuyh/stm32cubeide_1.7.0/stm32cubeide/plugins/com.st.stm32cube.ide.mcu.externaltools.gnu-tools-for-stm32.9-2020-q2-update.win32_2.0.0.202105311346/tools/bin/../lib/gcc/arm-none-eabi/9.3.1/../../../../arm-none-eabi/lib/thumb/v7-m/nofp\libc.a
LOAD c:/users/thuyh/stm32cubeide_1.7.0/stm32cubeide/plugins/com.st.stm32cube.ide.mcu.externaltools.gnu-tools-for-stm32.9-2020-q2-update.win32_2.0.0.202105311346/tools/bin/../lib/gcc/arm-none-eabi/9.3.1/../../../../arm-none-eabi/lib/thumb/v7-m/nofp\libm.a
LOAD c:/users/thuyh/stm32cubeide_1.7.0/stm32cubeide/plugins/com.st.stm32cube.ide.mcu.externaltools.gnu-tools-for-stm32.9-2020-q2-update.win32_2.0.0.202105311346/tools/bin/../lib/gcc/arm-none-eabi/9.3.1/thumb/v7-m/nofp\libgcc.a

.debug_info     0x0000000000000000     0xe62d
 .debug_info    0x0000000000000000     0x1812 ./Core/Src/main.o
 .debug_info    0x0000000000001812      0xe68 ./Core/Src/stm32f1xx_hal_msp.o
 .debug_info    0x000000000000267a      0xab2 ./Core/Src/stm32f1xx_it.o
 .debug_info    0x000000000000312c      0x2be ./Core/Src/system_stm32f1xx.o
 .debug_info    0x00000000000033ea      0xcc8 ./Core/Src/two_way_traffic.o
 .debug_info    0x00000000000040b2       0x22 ./Core/Startup/startup_stm32f103rbtx.o
 .debug_info    0x00000000000040d4      0x76a ./Drivers/STM32F1xx_HAL_Driver/Src/stm32f1xx_hal.o
 .debug_info    0x000000000000483e      0xbdc ./Drivers/STM32F1xx_HAL_Driver/Src/stm32f1xx_hal_cortex.o
 .debug_info    0x000000000000541a      0x823 ./Drivers/STM32F1xx_HAL_Driver/Src/stm32f1xx_hal_dma.o
 .debug_info    0x0000000000005c3d      0x701 ./Drivers/STM32F1xx_HAL_Driver/Src/stm32f1xx_hal_gpio.o
 .debug_info    0x000000000000633e     0x27cb ./Drivers/STM32F1xx_HAL_Driver/Src/stm32f1xx_hal_i2c.o
 .debug_info    0x0000000000008b09      0x893 ./Drivers/STM32F1xx_HAL_Driver/Src/stm32f1xx_hal_rcc.o
 .debug_info    0x000000000000939c     0x2c32 ./Drivers/STM32F1xx_HAL_Driver/Src/stm32f1xx_hal_tim.o
 .debug_info    0x000000000000bfce     0x157f ./Drivers/STM32F1xx_HAL_Driver/Src/stm32f1xx_hal_tim_ex.o
 .debug_info    0x000000000000d54d      0x38e ./SOW/Src/LED_7_SEGMENT.o
 .debug_info    0x000000000000d8db      0x758 ./SOW/Src/i2c_slave.o
 .debug_info    0x000000000000e033      0x389 ./SOW/Src/input_reading.o
 .debug_info    0x000000000000e3bc      0x271 ./SOW/Src/software_timer.o

.debug_abbrev   0x0000000000000000     0x21ed
 .debug_abbrev  0x0000000000000000      0x2cc ./Core/Src/main.o
 .debug_abbrev  0x00000000000002cc      0x1c8 ./Core/Src/stm32f1xx_hal_msp.o
 .debug_abbrev  0x0000000000000494      0x176 ./Core/Src/stm32f1xx_it.o
 .debug_abbrev  0x000000000000060a      0x14e ./Core/Src/system_stm32f1xx.o
 .debug_abbrev  0x0000000000000758      0x21c ./Core/Src/two_way_traffic.o
 .debug_abbrev  0x0000000000000974       0x12 ./Core/Startup/startup_stm32f103rbtx.o
 .debug_abbrev  0x0000000000000986      0x1ed ./Drivers/STM32F1xx_HAL_Driver/Src/stm32f1xx_hal.o
 .debug_abbrev  0x0000000000000b73      0x313 ./Drivers/STM32F1xx_HAL_Driver/Src/stm32f1xx_hal_cortex.o
 .debug_abbrev  0x0000000000000e86      0x228 ./Drivers/STM32F1xx_HAL_Driver/Src/stm32f1xx_hal_dma.o
 .debug_abbrev  0x00000000000010ae      0x1e8 ./Drivers/STM32F1xx_HAL_Driver/Src/stm32f1xx_hal_gpio.o
 .debug_abbrev  0x0000000000001296      0x288 ./Drivers/STM32F1xx_HAL_Driver/Src/stm32f1xx_hal_i2c.o
 .debug_abbrev  0x000000000000151e      0x273 ./Drivers/STM32F1xx_HAL_Driver/Src/stm32f1xx_hal_rcc.o
 .debug_abbrev  0x0000000000001791      0x25e ./Drivers/STM32F1xx_HAL_Driver/Src/stm32f1xx_hal_tim.o
 .debug_abbrev  0x00000000000019ef      0x266 ./Drivers/STM32F1xx_HAL_Driver/Src/stm32f1xx_hal_tim_ex.o
 .debug_abbrev  0x0000000000001c55      0x148 ./SOW/Src/LED_7_SEGMENT.o
 .debug_abbrev  0x0000000000001d9d      0x1a5 ./SOW/Src/i2c_slave.o
 .debug_abbrev  0x0000000000001f42      0x170 ./SOW/Src/input_reading.o
 .debug_abbrev  0x00000000000020b2      0x13b ./SOW/Src/software_timer.o

.debug_aranges  0x0000000000000000      0xd78
 .debug_aranges
                0x0000000000000000       0x50 ./Core/Src/main.o
 .debug_aranges
                0x0000000000000050       0x40 ./Core/Src/stm32f1xx_hal_msp.o
 .debug_aranges
                0x0000000000000090       0x78 ./Core/Src/stm32f1xx_it.o
 .debug_aranges
                0x0000000000000108       0x28 ./Core/Src/system_stm32f1xx.o
 .debug_aranges
                0x0000000000000130       0x30 ./Core/Src/two_way_traffic.o
 .debug_aranges
                0x0000000000000160       0x28 ./Core/Startup/startup_stm32f103rbtx.o
 .debug_aranges
                0x0000000000000188       0xe0 ./Drivers/STM32F1xx_HAL_Driver/Src/stm32f1xx_hal.o
 .debug_aranges
                0x0000000000000268      0x100 ./Drivers/STM32F1xx_HAL_Driver/Src/stm32f1xx_hal_cortex.o
 .debug_aranges
                0x0000000000000368       0x80 ./Drivers/STM32F1xx_HAL_Driver/Src/stm32f1xx_hal_dma.o
 .debug_aranges
                0x00000000000003e8       0x58 ./Drivers/STM32F1xx_HAL_Driver/Src/stm32f1xx_hal_gpio.o
 .debug_aranges
                0x0000000000000440      0x2a8 ./Drivers/STM32F1xx_HAL_Driver/Src/stm32f1xx_hal_i2c.o
 .debug_aranges
                0x00000000000006e8       0x90 ./Drivers/STM32F1xx_HAL_Driver/Src/stm32f1xx_hal_rcc.o
 .debug_aranges
                0x0000000000000778      0x3d0 ./Drivers/STM32F1xx_HAL_Driver/Src/stm32f1xx_hal_tim.o
 .debug_aranges
                0x0000000000000b48      0x168 ./Drivers/STM32F1xx_HAL_Driver/Src/stm32f1xx_hal_tim_ex.o
 .debug_aranges
                0x0000000000000cb0       0x30 ./SOW/Src/LED_7_SEGMENT.o
 .debug_aranges
                0x0000000000000ce0       0x38 ./SOW/Src/i2c_slave.o
 .debug_aranges
                0x0000000000000d18       0x30 ./SOW/Src/input_reading.o
 .debug_aranges
                0x0000000000000d48       0x30 ./SOW/Src/software_timer.o

.debug_ranges   0x0000000000000000      0xc78
 .debug_ranges  0x0000000000000000       0x40 ./Core/Src/main.o
 .debug_ranges  0x0000000000000040       0x30 ./Core/Src/stm32f1xx_hal_msp.o
 .debug_ranges  0x0000000000000070       0x68 ./Core/Src/stm32f1xx_it.o
 .debug_ranges  0x00000000000000d8       0x18 ./Core/Src/system_stm32f1xx.o
 .debug_ranges  0x00000000000000f0       0x20 ./Core/Src/two_way_traffic.o
 .debug_ranges  0x0000000000000110       0x20 ./Core/Startup/startup_stm32f103rbtx.o
 .debug_ranges  0x0000000000000130       0xd0 ./Drivers/STM32F1xx_HAL_Driver/Src/stm32f1xx_hal.o
 .debug_ranges  0x0000000000000200       0xf0 ./Drivers/STM32F1xx_HAL_Driver/Src/stm32f1xx_hal_cortex.o
 .debug_ranges  0x00000000000002f0       0x70 ./Drivers/STM32F1xx_HAL_Driver/Src/stm32f1xx_hal_dma.o
 .debug_ranges  0x0000000000000360       0x48 ./Drivers/STM32F1xx_HAL_Driver/Src/stm32f1xx_hal_gpio.o
 .debug_ranges  0x00000000000003a8      0x2b0 ./Drivers/STM32F1xx_HAL_Driver/Src/stm32f1xx_hal_i2c.o
 .debug_ranges  0x0000000000000658       0x80 ./Drivers/STM32F1xx_HAL_Driver/Src/stm32f1xx_hal_rcc.o
 .debug_ranges  0x00000000000006d8      0x3c0 ./Drivers/STM32F1xx_HAL_Driver/Src/stm32f1xx_hal_tim.o
 .debug_ranges  0x0000000000000a98      0x158 ./Drivers/STM32F1xx_HAL_Driver/Src/stm32f1xx_hal_tim_ex.o
 .debug_ranges  0x0000000000000bf0       0x20 ./SOW/Src/LED_7_SEGMENT.o
 .debug_ranges  0x0000000000000c10       0x28 ./SOW/Src/i2c_slave.o
 .debug_ranges  0x0000000000000c38       0x20 ./SOW/Src/input_reading.o
 .debug_ranges  0x0000000000000c58       0x20 ./SOW/Src/software_timer.o

.debug_macro    0x0000000000000000     0x225b
 .debug_macro   0x0000000000000000      0x432 ./Core/Src/main.o
 .debug_macro   0x0000000000000432      0x1b2 ./Core/Src/stm32f1xx_hal_msp.o
 .debug_macro   0x00000000000005e4      0x1bc ./Core/Src/stm32f1xx_it.o
 .debug_macro   0x00000000000007a0      0x1a3 ./Core/Src/system_stm32f1xx.o
 .debug_macro   0x0000000000000943      0x40c ./Core/Src/two_way_traffic.o
 .debug_macro   0x0000000000000d4f      0x1c7 ./Drivers/STM32F1xx_HAL_Driver/Src/stm32f1xx_hal.o
 .debug_macro   0x0000000000000f16      0x1a3 ./Drivers/STM32F1xx_HAL_Driver/Src/stm32f1xx_hal_cortex.o
 .debug_macro   0x00000000000010b9      0x1a3 ./Drivers/STM32F1xx_HAL_Driver/Src/stm32f1xx_hal_dma.o
 .debug_macro   0x000000000000125c      0x20e ./Drivers/STM32F1xx_HAL_Driver/Src/stm32f1xx_hal_gpio.o
 .debug_macro   0x000000000000146a      0x1f1 ./Drivers/STM32F1xx_HAL_Driver/Src/stm32f1xx_hal_i2c.o
 .debug_macro   0x000000000000165b      0x1b5 ./Drivers/STM32F1xx_HAL_Driver/Src/stm32f1xx_hal_rcc.o
 .debug_macro   0x0000000000001810      0x1a4 ./Drivers/STM32F1xx_HAL_Driver/Src/stm32f1xx_hal_tim.o
 .debug_macro   0x00000000000019b4      0x1a3 ./Drivers/STM32F1xx_HAL_Driver/Src/stm32f1xx_hal_tim_ex.o
 .debug_macro   0x0000000000001b57      0x1bc ./SOW/Src/LED_7_SEGMENT.o
 .debug_macro   0x0000000000001d13      0x1c2 ./SOW/Src/i2c_slave.o
 .debug_macro   0x0000000000001ed5      0x1ca ./SOW/Src/input_reading.o
 .debug_macro   0x000000000000209f      0x1bc ./SOW/Src/software_timer.o

.debug_line     0x0000000000000000    0x10c9f
 .debug_line    0x0000000000000000      0xaf4 ./Core/Src/main.o
 .debug_line    0x0000000000000af4      0x72d ./Core/Src/stm32f1xx_hal_msp.o
 .debug_line    0x0000000000001221      0x7aa ./Core/Src/stm32f1xx_it.o
 .debug_line    0x00000000000019cb      0x71e ./Core/Src/system_stm32f1xx.o
 .debug_line    0x00000000000020e9      0xa56 ./Core/Src/two_way_traffic.o
 .debug_line    0x0000000000002b3f       0x86 ./Core/Startup/startup_stm32f103rbtx.o
 .debug_line    0x0000000000002bc5      0x94b ./Drivers/STM32F1xx_HAL_Driver/Src/stm32f1xx_hal.o
 .debug_line    0x0000000000003510      0xb33 ./Drivers/STM32F1xx_HAL_Driver/Src/stm32f1xx_hal_cortex.o
 .debug_line    0x0000000000004043      0xda4 ./Drivers/STM32F1xx_HAL_Driver/Src/stm32f1xx_hal_dma.o
 .debug_line    0x0000000000004de7      0x9e4 ./Drivers/STM32F1xx_HAL_Driver/Src/stm32f1xx_hal_gpio.o
 .debug_line    0x00000000000057cb     0x3ae1 ./Drivers/STM32F1xx_HAL_Driver/Src/stm32f1xx_hal_i2c.o
 .debug_line    0x00000000000092ac      0xd57 ./Drivers/STM32F1xx_HAL_Driver/Src/stm32f1xx_hal_rcc.o
 .debug_line    0x000000000000a003     0x33e5 ./Drivers/STM32F1xx_HAL_Driver/Src/stm32f1xx_hal_tim.o
 .debug_line    0x000000000000d3e8     0x1891 ./Drivers/STM32F1xx_HAL_Driver/Src/stm32f1xx_hal_tim_ex.o
 .debug_line    0x000000000000ec79      0xaad ./SOW/Src/LED_7_SEGMENT.o
 .debug_line    0x000000000000f726      0x6fa ./SOW/Src/i2c_slave.o
 .debug_line    0x000000000000fe20      0x767 ./SOW/Src/input_reading.o
 .debug_line    0x0000000000010587      0x718 ./SOW/Src/software_timer.o

.debug_str      0x0000000000000000    0x8b514
 .debug_str     0x0000000000000000    0x8813a ./Core/Src/main.o
                                      0x8862b (size before relaxing)
 .debug_str     0x000000000008813a      0x31b ./Core/Src/stm32f1xx_hal_msp.o
                                      0x84342 (size before relaxing)
 .debug_str     0x0000000000088455       0xf3 ./Core/Src/stm32f1xx_it.o
                                      0x8402c (size before relaxing)
 .debug_str     0x0000000000088548       0x52 ./Core/Src/system_stm32f1xx.o
                                      0x833dc (size before relaxing)
 .debug_str     0x000000000008859a       0xb0 ./Core/Src/two_way_traffic.o
                                      0x87ca7 (size before relaxing)
 .debug_str     0x000000000008864a       0x36 ./Core/Startup/startup_stm32f103rbtx.o
                                         0x5a (size before relaxing)
 .debug_str     0x0000000000088680      0x304 ./Drivers/STM32F1xx_HAL_Driver/Src/stm32f1xx_hal.o
                                      0x83a6d (size before relaxing)
 .debug_str     0x0000000000088984      0x300 ./Drivers/STM32F1xx_HAL_Driver/Src/stm32f1xx_hal_cortex.o
                                      0x83a75 (size before relaxing)
 .debug_str     0x0000000000088c84      0x235 ./Drivers/STM32F1xx_HAL_Driver/Src/stm32f1xx_hal_dma.o
                                      0x837b7 (size before relaxing)
 .debug_str     0x0000000000088eb9      0x310 ./Drivers/STM32F1xx_HAL_Driver/Src/stm32f1xx_hal_gpio.o
                                      0x837a0 (size before relaxing)
 .debug_str     0x00000000000891c9      0xb9a ./Drivers/STM32F1xx_HAL_Driver/Src/stm32f1xx_hal_i2c.o
                                      0x8446b (size before relaxing)
 .debug_str     0x0000000000089d63      0x244 ./Drivers/STM32F1xx_HAL_Driver/Src/stm32f1xx_hal_rcc.o
                                      0x837d9 (size before relaxing)
 .debug_str     0x0000000000089fa7      0xdcd ./Drivers/STM32F1xx_HAL_Driver/Src/stm32f1xx_hal_tim.o
                                      0x847c2 (size before relaxing)
 .debug_str     0x000000000008ad74      0x4ee ./Drivers/STM32F1xx_HAL_Driver/Src/stm32f1xx_hal_tim_ex.o
                                      0x83f63 (size before relaxing)
 .debug_str     0x000000000008b262       0xae ./SOW/Src/LED_7_SEGMENT.o
                                      0x838df (size before relaxing)
 .debug_str     0x000000000008b310       0x39 ./SOW/Src/i2c_slave.o
                                      0x83d10 (size before relaxing)
 .debug_str     0x000000000008b349      0x15b ./SOW/Src/input_reading.o
                                      0x839a5 (size before relaxing)
 .debug_str     0x000000000008b4a4       0x70 ./SOW/Src/software_timer.o
                                      0x8387f (size before relaxing)

.comment        0x0000000000000000       0x53
 .comment       0x0000000000000000       0x53 ./Core/Src/main.o
                                         0x54 (size before relaxing)
 .comment       0x0000000000000053       0x54 ./Core/Src/stm32f1xx_hal_msp.o
 .comment       0x0000000000000053       0x54 ./Core/Src/stm32f1xx_it.o
 .comment       0x0000000000000053       0x54 ./Core/Src/system_stm32f1xx.o
 .comment       0x0000000000000053       0x54 ./Core/Src/two_way_traffic.o
 .comment       0x0000000000000053       0x54 ./Drivers/STM32F1xx_HAL_Driver/Src/stm32f1xx_hal.o
 .comment       0x0000000000000053       0x54 ./Drivers/STM32F1xx_HAL_Driver/Src/stm32f1xx_hal_cortex.o
 .comment       0x0000000000000053       0x54 ./Drivers/STM32F1xx_HAL_Driver/Src/stm32f1xx_hal_dma.o
 .comment       0x0000000000000053       0x54 ./Drivers/STM32F1xx_HAL_Driver/Src/stm32f1xx_hal_gpio.o
 .comment       0x0000000000000053       0x54 ./Drivers/STM32F1xx_HAL_Driver/Src/stm32f1xx_hal_i2c.o
 .comment       0x0000000000000053       0x54 ./Drivers/STM32F1xx_HAL_Driver/Src/stm32f1xx_hal_rcc.o
 .comment       0x0000000000000053       0x54 ./Drivers/STM32F1xx_HAL_Driver/Src/stm32f1xx_hal_tim.o
 .comment       0x0000000000000053       0x54 ./Drivers/STM32F1xx_HAL_Driver/Src/stm32f1xx_hal_tim_ex.o
 .comment       0x0000000000000053       0x54 ./SOW/Src/LED_7_SEGMENT.o
 .comment       0x0000000000000053       0x54 ./SOW/Src/i2c_slave.o
 .comment       0x0000000000000053       0x54 ./SOW/Src/input_reading.o
 .comment       0x0000000000000053       0x54 ./SOW/Src/software_timer.o

.debug_frame    0x0000000000000000     0x379c
 .debug_frame   0x0000000000000000       0xf0 ./Core/Src/main.o
 .debug_frame   0x00000000000000f0       0xc8 ./Core/Src/stm32f1xx_hal_msp.o
 .debug_frame   0x00000000000001b8      0x158 ./Core/Src/stm32f1xx_it.o
 .debug_frame   0x0000000000000310       0x58 ./Core/Src/system_stm32f1xx.o
 .debug_frame   0x0000000000000368       0x7c ./Core/Src/two_way_traffic.o
 .debug_frame   0x00000000000003e4      0x334 ./Drivers/STM32F1xx_HAL_Driver/Src/stm32f1xx_hal.o
 .debug_frame   0x0000000000000718      0x428 ./Drivers/STM32F1xx_HAL_Driver/Src/stm32f1xx_hal_cortex.o
 .debug_frame   0x0000000000000b40      0x208 ./Drivers/STM32F1xx_HAL_Driver/Src/stm32f1xx_hal_dma.o
 .debug_frame   0x0000000000000d48      0x14c ./Drivers/STM32F1xx_HAL_Driver/Src/stm32f1xx_hal_gpio.o
 .debug_frame   0x0000000000000e94      0xc84 ./Drivers/STM32F1xx_HAL_Driver/Src/stm32f1xx_hal_i2c.o
 .debug_frame   0x0000000000001b18      0x218 ./Drivers/STM32F1xx_HAL_Driver/Src/stm32f1xx_hal_rcc.o
 .debug_frame   0x0000000000001d30     0x11b8 ./Drivers/STM32F1xx_HAL_Driver/Src/stm32f1xx_hal_tim.o
 .debug_frame   0x0000000000002ee8      0x638 ./Drivers/STM32F1xx_HAL_Driver/Src/stm32f1xx_hal_tim_ex.o
 .debug_frame   0x0000000000003520       0x84 ./SOW/Src/LED_7_SEGMENT.o
 .debug_frame   0x00000000000035a4       0xa4 ./SOW/Src/i2c_slave.o
 .debug_frame   0x0000000000003648       0x84 ./SOW/Src/input_reading.o
 .debug_frame   0x00000000000036cc       0x84 ./SOW/Src/software_timer.o
 .debug_frame   0x0000000000003750       0x2c c:/users/thuyh/stm32cubeide_1.7.0/stm32cubeide/plugins/com.st.stm32cube.ide.mcu.externaltools.gnu-tools-for-stm32.9-2020-q2-update.win32_2.0.0.202105311346/tools/bin/../lib/gcc/arm-none-eabi/9.3.1/../../../../arm-none-eabi/lib/thumb/v7-m/nofp\libc_nano.a(lib_a-init.o)
 .debug_frame   0x000000000000377c       0x20 c:/users/thuyh/stm32cubeide_1.7.0/stm32cubeide/plugins/com.st.stm32cube.ide.mcu.externaltools.gnu-tools-for-stm32.9-2020-q2-update.win32_2.0.0.202105311346/tools/bin/../lib/gcc/arm-none-eabi/9.3.1/../../../../arm-none-eabi/lib/thumb/v7-m/nofp\libc_nano.a(lib_a-memset.o)
