Archive member included to satisfy reference by file (symbol)

c:/users/thuyh/stm32cubeide_1.7.0/stm32cubeide/plugins/com.st.stm32cube.ide.mcu.externaltools.gnu-tools-for-stm32.9-2020-q2-update.win32_2.0.0.202105311346/tools/bin/../lib/gcc/arm-none-eabi/9.3.1/../../../../arm-none-eabi/lib/thumb/v7-m/nofp\libc_nano.a(lib_a-errno.o)
                              ./Core/Src/syscalls.o (__errno)
c:/users/thuyh/stm32cubeide_1.7.0/stm32cubeide/plugins/com.st.stm32cube.ide.mcu.externaltools.gnu-tools-for-stm32.9-2020-q2-update.win32_2.0.0.202105311346/tools/bin/../lib/gcc/arm-none-eabi/9.3.1/../../../../arm-none-eabi/lib/thumb/v7-m/nofp\libc_nano.a(lib_a-exit.o)
                              c:/users/thuyh/stm32cubeide_1.7.0/stm32cubeide/plugins/com.st.stm32cube.ide.mcu.externaltools.gnu-tools-for-stm32.9-2020-q2-update.win32_2.0.0.202105311346/tools/bin/../lib/gcc/arm-none-eabi/9.3.1/../../../../arm-none-eabi/lib/thumb/v7-m/nofp/crt0.o (exit)
c:/users/thuyh/stm32cubeide_1.7.0/stm32cubeide/plugins/com.st.stm32cube.ide.mcu.externaltools.gnu-tools-for-stm32.9-2020-q2-update.win32_2.0.0.202105311346/tools/bin/../lib/gcc/arm-none-eabi/9.3.1/../../../../arm-none-eabi/lib/thumb/v7-m/nofp\libc_nano.a(lib_a-impure.o)
                              c:/users/thuyh/stm32cubeide_1.7.0/stm32cubeide/plugins/com.st.stm32cube.ide.mcu.externaltools.gnu-tools-for-stm32.9-2020-q2-update.win32_2.0.0.202105311346/tools/bin/../lib/gcc/arm-none-eabi/9.3.1/../../../../arm-none-eabi/lib/thumb/v7-m/nofp\libc_nano.a(lib_a-exit.o) (_global_impure_ptr)
c:/users/thuyh/stm32cubeide_1.7.0/stm32cubeide/plugins/com.st.stm32cube.ide.mcu.externaltools.gnu-tools-for-stm32.9-2020-q2-update.win32_2.0.0.202105311346/tools/bin/../lib/gcc/arm-none-eabi/9.3.1/../../../../arm-none-eabi/lib/thumb/v7-m/nofp\libc_nano.a(lib_a-init.o)
                              c:/users/thuyh/stm32cubeide_1.7.0/stm32cubeide/plugins/com.st.stm32cube.ide.mcu.externaltools.gnu-tools-for-stm32.9-2020-q2-update.win32_2.0.0.202105311346/tools/bin/../lib/gcc/arm-none-eabi/9.3.1/../../../../arm-none-eabi/lib/thumb/v7-m/nofp/crt0.o (__libc_init_array)
c:/users/thuyh/stm32cubeide_1.7.0/stm32cubeide/plugins/com.st.stm32cube.ide.mcu.externaltools.gnu-tools-for-stm32.9-2020-q2-update.win32_2.0.0.202105311346/tools/bin/../lib/gcc/arm-none-eabi/9.3.1/../../../../arm-none-eabi/lib/thumb/v7-m/nofp\libc_nano.a(lib_a-memset.o)
                              c:/users/thuyh/stm32cubeide_1.7.0/stm32cubeide/plugins/com.st.stm32cube.ide.mcu.externaltools.gnu-tools-for-stm32.9-2020-q2-update.win32_2.0.0.202105311346/tools/bin/../lib/gcc/arm-none-eabi/9.3.1/../../../../arm-none-eabi/lib/thumb/v7-m/nofp/crt0.o (memset)
c:/users/thuyh/stm32cubeide_1.7.0/stm32cubeide/plugins/com.st.stm32cube.ide.mcu.externaltools.gnu-tools-for-stm32.9-2020-q2-update.win32_2.0.0.202105311346/tools/bin/../lib/gcc/arm-none-eabi/9.3.1/thumb/v7-m/nofp\libgcc.a(_arm_muldf3.o)
                              ./SOW/Src/dht20.o (__aeabi_dmul)
c:/users/thuyh/stm32cubeide_1.7.0/stm32cubeide/plugins/com.st.stm32cube.ide.mcu.externaltools.gnu-tools-for-stm32.9-2020-q2-update.win32_2.0.0.202105311346/tools/bin/../lib/gcc/arm-none-eabi/9.3.1/thumb/v7-m/nofp\libgcc.a(_arm_addsubdf3.o)
                              ./SOW/Src/dht20.o (__aeabi_dsub)
c:/users/thuyh/stm32cubeide_1.7.0/stm32cubeide/plugins/com.st.stm32cube.ide.mcu.externaltools.gnu-tools-for-stm32.9-2020-q2-update.win32_2.0.0.202105311346/tools/bin/../lib/gcc/arm-none-eabi/9.3.1/thumb/v7-m/nofp\libgcc.a(_arm_truncdfsf2.o)
                              ./SOW/Src/dht20.o (__aeabi_d2f)
c:/users/thuyh/stm32cubeide_1.7.0/stm32cubeide/plugins/com.st.stm32cube.ide.mcu.externaltools.gnu-tools-for-stm32.9-2020-q2-update.win32_2.0.0.202105311346/tools/bin/../lib/gcc/arm-none-eabi/9.3.1/thumb/v7-m/nofp\libgcc.a(_arm_addsubsf3.o)
                              ./SOW/Src/dht20.o (__aeabi_fadd)

Allocating common symbols
Common symbol       size              file

timer1_flag         0x28              ./SOW/Src/software_timer.o
time_green_select   0x4               ./SOW/Src/Traffic_light.o
hi2c1               0x54              ./Core/Src/HDl_dht20.o
time_red_select     0x4               ./SOW/Src/Traffic_light.o
uwTick              0x4               ./Drivers/STM32F1xx_HAL_Driver/Src/stm32f1xx_hal.o
pFlash              0x20              ./Drivers/STM32F1xx_HAL_Driver/Src/stm32f1xx_hal_flash.o
state               0x1               ./Core/Src/HDl_dht20.o
dht20               0x28              ./Core/Src/HDl_dht20.o
redred              0x1               ./SOW/Src/Traffic_light.o
Rxdata              0x6               ./SOW/Src/i2c_slave.o
huart2              0x48              ./Core/Src/main.o
timer1_counter      0x28              ./SOW/Src/software_timer.o

Discarded input sections

[...]
Memory Configuration

Name             Origin             Length             Attributes
RAM              0x0000000020000000 0x0000000000005000 xrw
FLASH            0x0000000008000000 0x0000000000020000 xr
*default*        0x0000000000000000 0xffffffffffffffff

Linker script and memory map

LOAD c:/users/thuyh/stm32cubeide_1.7.0/stm32cubeide/plugins/com.st.stm32cube.ide.mcu.externaltools.gnu-tools-for-stm32.9-2020-q2-update.win32_2.0.0.202105311346/tools/bin/../lib/gcc/arm-none-eabi/9.3.1/thumb/v7-m/nofp/crti.o
LOAD c:/users/thuyh/stm32cubeide_1.7.0/stm32cubeide/plugins/com.st.stm32cube.ide.mcu.externaltools.gnu-tools-for-stm32.9-2020-q2-update.win32_2.0.0.202105311346/tools/bin/../lib/gcc/arm-none-eabi/9.3.1/thumb/v7-m/nofp/crtbegin.o
LOAD c:/users/thuyh/stm32cubeide_1.7.0/stm32cubeide/plugins/com.st.stm32cube.ide.mcu.externaltools.gnu-tools-for-stm32.9-2020-q2-update.win32_2.0.0.202105311346/tools/bin/../lib/gcc/arm-none-eabi/9.3.1/../../../../arm-none-eabi/lib/thumb/v7-m/nofp/crt0.o
LOAD ./Core/Src/HDl_dht20.o
LOAD ./Core/Src/main.o
LOAD ./Core/Src/stm32f1xx_hal_msp.o
LOAD ./Core/Src/stm32f1xx_it.o
LOAD ./Core/Src/syscalls.o
LOAD ./Core/Src/sysmem.o
LOAD ./Core/Src/system_stm32f1xx.o
LOAD ./Core/Startup/startup_stm32f103rbtx.o
LOAD ./Drivers/STM32F1xx_HAL_Driver/Src/stm32f1xx_hal.o
LOAD ./Drivers/STM32F1xx_HAL_Driver/Src/stm32f1xx_hal_cortex.o
LOAD ./Drivers/STM32F1xx_HAL_Driver/Src/stm32f1xx_hal_dma.o
LOAD ./Drivers/STM32F1xx_HAL_Driver/Src/stm32f1xx_hal_exti.o
LOAD ./Drivers/STM32F1xx_HAL_Driver/Src/stm32f1xx_hal_flash.o
LOAD ./Drivers/STM32F1xx_HAL_Driver/Src/stm32f1xx_hal_flash_ex.o
LOAD ./Drivers/STM32F1xx_HAL_Driver/Src/stm32f1xx_hal_gpio.o
LOAD ./Drivers/STM32F1xx_HAL_Driver/Src/stm32f1xx_hal_gpio_ex.o
LOAD ./Drivers/STM32F1xx_HAL_Driver/Src/stm32f1xx_hal_i2c.o
LOAD ./Drivers/STM32F1xx_HAL_Driver/Src/stm32f1xx_hal_pwr.o
LOAD ./Drivers/STM32F1xx_HAL_Driver/Src/stm32f1xx_hal_rcc.o
LOAD ./Drivers/STM32F1xx_HAL_Driver/Src/stm32f1xx_hal_rcc_ex.o
LOAD ./Drivers/STM32F1xx_HAL_Driver/Src/stm32f1xx_hal_tim.o
LOAD ./Drivers/STM32F1xx_HAL_Driver/Src/stm32f1xx_hal_tim_ex.o
LOAD ./Drivers/STM32F1xx_HAL_Driver/Src/stm32f1xx_hal_uart.o
LOAD ./SOW/Src/LED.o
LOAD ./SOW/Src/LED_7_SEGMENT.o
LOAD ./SOW/Src/Traffic_light.o
LOAD ./SOW/Src/automatic.o
LOAD ./SOW/Src/dht20.o
LOAD ./SOW/Src/enable.o
LOAD ./SOW/Src/global.o
LOAD ./SOW/Src/i2c_master.o
LOAD ./SOW/Src/i2c_slave.o
LOAD ./SOW/Src/input_processing.o
LOAD ./SOW/Src/input_reading.o
LOAD ./SOW/Src/manual.o
LOAD ./SOW/Src/matrix8x8_led.o
LOAD ./SOW/Src/software_timer.o
START GROUP
LOAD c:/users/thuyh/stm32cubeide_1.7.0/stm32cubeide/plugins/com.st.stm32cube.ide.mcu.externaltools.gnu-tools-for-stm32.9-2020-q2-update.win32_2.0.0.202105311346/tools/bin/../lib/gcc/arm-none-eabi/9.3.1/../../../../arm-none-eabi/lib/thumb/v7-m/nofp\libc_nano.a
LOAD c:/users/thuyh/stm32cubeide_1.7.0/stm32cubeide/plugins/com.st.stm32cube.ide.mcu.externaltools.gnu-tools-for-stm32.9-2020-q2-update.win32_2.0.0.202105311346/tools/bin/../lib/gcc/arm-none-eabi/9.3.1/../../../../arm-none-eabi/lib/thumb/v7-m/nofp\libm.a
END GROUP
START GROUP
LOAD c:/users/thuyh/stm32cubeide_1.7.0/stm32cubeide/plugins/com.st.stm32cube.ide.mcu.externaltools.gnu-tools-for-stm32.9-2020-q2-update.win32_2.0.0.202105311346/tools/bin/../lib/gcc/arm-none-eabi/9.3.1/thumb/v7-m/nofp\libgcc.a
LOAD c:/users/thuyh/stm32cubeide_1.7.0/stm32cubeide/plugins/com.st.stm32cube.ide.mcu.externaltools.gnu-tools-for-stm32.9-2020-q2-update.win32_2.0.0.202105311346/tools/bin/../lib/gcc/arm-none-eabi/9.3.1/../../../../arm-none-eabi/lib/thumb/v7-m/nofp\libc_nano.a
END GROUP
START GROUP
LOAD c:/users/thuyh/stm32cubeide_1.7.0/stm32cubeide/plugins/com.st.stm32cube.ide.mcu.externaltools.gnu-tools-for-stm32.9-2020-q2-update.win32_2.0.0.202105311346/tools/bin/../lib/gcc/arm-none-eabi/9.3.1/thumb/v7-m/nofp\libgcc.a
LOAD c:/users/thuyh/stm32cubeide_1.7.0/stm32cubeide/plugins/com.st.stm32cube.ide.mcu.externaltools.gnu-tools-for-stm32.9-2020-q2-update.win32_2.0.0.202105311346/tools/bin/../lib/gcc/arm-none-eabi/9.3.1/../../../../arm-none-eabi/lib/thumb/v7-m/nofp\libc_nano.a
LOAD c:/users/thuyh/stm32cubeide_1.7.0/stm32cubeide/plugins/com.st.stm32cube.ide.mcu.externaltools.gnu-tools-for-stm32.9-2020-q2-update.win32_2.0.0.202105311346/tools/bin/../lib/gcc/arm-none-eabi/9.3.1/../../../../arm-none-eabi/lib/thumb/v7-m/nofp\libnosys.a
END GROUP
START GROUP
LOAD c:/users/thuyh/stm32cubeide_1.7.0/stm32cubeide/plugins/com.st.stm32cube.ide.mcu.externaltools.gnu-tools-for-stm32.9-2020-q2-update.win32_2.0.0.202105311346/tools/bin/../lib/gcc/arm-none-eabi/9.3.1/thumb/v7-m/nofp\libgcc.a
LOAD c:/users/thuyh/stm32cubeide_1.7.0/stm32cubeide/plugins/com.st.stm32cube.ide.mcu.externaltools.gnu-tools-for-stm32.9-2020-q2-update.win32_2.0.0.202105311346/tools/bin/../lib/gcc/arm-none-eabi/9.3.1/../../../../arm-none-eabi/lib/thumb/v7-m/nofp\libc_nano.a
LOAD c:/users/thuyh/stm32cubeide_1.7.0/stm32cubeide/plugins/com.st.stm32cube.ide.mcu.externaltools.gnu-tools-for-stm32.9-2020-q2-update.win32_2.0.0.202105311346/tools/bin/../lib/gcc/arm-none-eabi/9.3.1/../../../../arm-none-eabi/lib/thumb/v7-m/nofp\libnosys.a
END GROUP
LOAD c:/users/thuyh/stm32cubeide_1.7.0/stm32cubeide/plugins/com.st.stm32cube.ide.mcu.externaltools.gnu-tools-for-stm32.9-2020-q2-update.win32_2.0.0.202105311346/tools/bin/../lib/gcc/arm-none-eabi/9.3.1/thumb/v7-m/nofp/crtend.o
LOAD c:/users/thuyh/stm32cubeide_1.7.0/stm32cubeide/plugins/com.st.stm32cube.ide.mcu.externaltools.gnu-tools-for-stm32.9-2020-q2-update.win32_2.0.0.202105311346/tools/bin/../lib/gcc/arm-none-eabi/9.3.1/thumb/v7-m/nofp/crtn.o
                0x0000000020005000                _estack = (ORIGIN (RAM) + LENGTH (RAM))
                0x0000000000000200                _Min_Heap_Size = 0x200
                0x0000000000000400                _Min_Stack_Size = 0x400

.isr_vector     0x0000000008000000      0x10c
                0x0000000008000000                . = ALIGN (0x4)
 *(.isr_vector)
 .isr_vector    0x0000000008000000      0x10c ./Core/Startup/startup_stm32f103rbtx.o
                0x0000000008000000                g_pfnVectors
                0x000000000800010c                . = ALIGN (0x4)

.text           0x000000000800010c     0x4100
                0x000000000800010c                . = ALIGN (0x4)
 *(.text)
 .text          0x000000000800010c       0x40 c:/users/thuyh/stm32cubeide_1.7.0/stm32cubeide/plugins/com.st.stm32cube.ide.mcu.externaltools.gnu-tools-for-stm32.9-2020-q2-update.win32_2.0.0.202105311346/tools/bin/../lib/gcc/arm-none-eabi/9.3.1/thumb/v7-m/nofp/crtbegin.o
 *(.text*)
 .text.HDL_DHT20_init
                0x000000000800014c       0x20 ./Core/Src/HDl_dht20.o
                0x000000000800014c                HDL_DHT20_init
 .text.HDL_DHT20_run
                0x000000000800016c      0x144 ./Core/Src/HDl_dht20.o
                0x000000000800016c                HDL_DHT20_run
 .text.main     0x00000000080002b0       0x22 ./Core/Src/main.o
                0x00000000080002b0                main
 .text.SystemClock_Config
                0x00000000080002d2       0x78 ./Core/Src/main.o
                0x00000000080002d2                SystemClock_Config
 *fill*         0x000000000800034a        0x2 
 .text.MX_I2C1_Init
                0x000000000800034c       0x5c ./Core/Src/main.o
 .text.MX_USART2_UART_Init
                0x00000000080003a8       0x54 ./Core/Src/main.o
 .text.MX_GPIO_Init
                0x00000000080003fc       0xdc ./Core/Src/main.o
 .text.Error_Handler
                0x00000000080004d8        0xa ./Core/Src/main.o
                0x00000000080004d8                Error_Handler
 *fill*         0x00000000080004e2        0x2 
 .text.HAL_MspInit
                0x00000000080004e4       0x64 ./Core/Src/stm32f1xx_hal_msp.o
                0x00000000080004e4                HAL_MspInit
 .text.HAL_I2C_MspInit
                0x0000000008000548       0xc0 ./Core/Src/stm32f1xx_hal_msp.o
                0x0000000008000548                HAL_I2C_MspInit
 .text.HAL_UART_MspInit
                0x0000000008000608       0x7c ./Core/Src/stm32f1xx_hal_msp.o
                0x0000000008000608                HAL_UART_MspInit
 .text.NMI_Handler
                0x0000000008000684        0x6 ./Core/Src/stm32f1xx_it.o
                0x0000000008000684                NMI_Handler
 .text.HardFault_Handler
                0x000000000800068a        0x6 ./Core/Src/stm32f1xx_it.o
                0x000000000800068a                HardFault_Handler
 .text.MemManage_Handler
                0x0000000008000690        0x6 ./Core/Src/stm32f1xx_it.o
                0x0000000008000690                MemManage_Handler
 .text.BusFault_Handler
                0x0000000008000696        0x6 ./Core/Src/stm32f1xx_it.o
                0x0000000008000696                BusFault_Handler
 .text.UsageFault_Handler
                0x000000000800069c        0x6 ./Core/Src/stm32f1xx_it.o
                0x000000000800069c                UsageFault_Handler
 .text.SVC_Handler
                0x00000000080006a2        0xc ./Core/Src/stm32f1xx_it.o
                0x00000000080006a2                SVC_Handler
 .text.DebugMon_Handler
                0x00000000080006ae        0xc ./Core/Src/stm32f1xx_it.o
                0x00000000080006ae                DebugMon_Handler
 .text.PendSV_Handler
                0x00000000080006ba        0xc ./Core/Src/stm32f1xx_it.o
                0x00000000080006ba                PendSV_Handler
 .text.SysTick_Handler
                0x00000000080006c6        0xc ./Core/Src/stm32f1xx_it.o
                0x00000000080006c6                SysTick_Handler
 *fill*         0x00000000080006d2        0x2 
 .text.I2C1_EV_IRQHandler
                0x00000000080006d4       0x14 ./Core/Src/stm32f1xx_it.o
                0x00000000080006d4                I2C1_EV_IRQHandler
 .text.I2C1_ER_IRQHandler
                0x00000000080006e8       0x14 ./Core/Src/stm32f1xx_it.o
                0x00000000080006e8                I2C1_ER_IRQHandler
 .text.EXTI15_10_IRQHandler
                0x00000000080006fc       0x10 ./Core/Src/stm32f1xx_it.o
                0x00000000080006fc                EXTI15_10_IRQHandler
 .text.SystemInit
                0x000000000800070c        0xc ./Core/Src/system_stm32f1xx.o
                0x000000000800070c                SystemInit
 .text.Reset_Handler
                0x0000000008000718       0x48 ./Core/Startup/startup_stm32f103rbtx.o
                0x0000000008000718                Reset_Handler
 .text.Default_Handler
                0x0000000008000760        0x2 ./Core/Startup/startup_stm32f103rbtx.o
                0x0000000008000760                RTC_Alarm_IRQHandler
                0x0000000008000760                EXTI2_IRQHandler
                0x0000000008000760                TIM1_CC_IRQHandler
                0x0000000008000760                PVD_IRQHandler
                0x0000000008000760                EXTI3_IRQHandler
                0x0000000008000760                EXTI0_IRQHandler
                0x0000000008000760                I2C2_EV_IRQHandler
                0x0000000008000760                ADC1_2_IRQHandler
                0x0000000008000760                SPI1_IRQHandler
                0x0000000008000760                TAMPER_IRQHandler
                0x0000000008000760                DMA1_Channel4_IRQHandler
                0x0000000008000760                USART3_IRQHandler
                0x0000000008000760                RTC_IRQHandler
                0x0000000008000760                DMA1_Channel7_IRQHandler
                0x0000000008000760                CAN1_RX1_IRQHandler
                0x0000000008000760                TIM4_IRQHandler
                0x0000000008000760                DMA1_Channel6_IRQHandler
                0x0000000008000760                TIM3_IRQHandler
                0x0000000008000760                RCC_IRQHandler
                0x0000000008000760                TIM1_TRG_COM_IRQHandler
                0x0000000008000760                DMA1_Channel1_IRQHandler
                0x0000000008000760                Default_Handler
                0x0000000008000760                EXTI9_5_IRQHandler
                0x0000000008000760                SPI2_IRQHandler
                0x0000000008000760                DMA1_Channel5_IRQHandler
                0x0000000008000760                EXTI4_IRQHandler
                0x0000000008000760                USB_LP_CAN1_RX0_IRQHandler
                0x0000000008000760                USB_HP_CAN1_TX_IRQHandler
                0x0000000008000760                DMA1_Channel3_IRQHandler
                0x0000000008000760                TIM1_UP_IRQHandler
                0x0000000008000760                WWDG_IRQHandler
                0x0000000008000760                TIM2_IRQHandler
                0x0000000008000760                TIM1_BRK_IRQHandler
                0x0000000008000760                EXTI1_IRQHandler
                0x0000000008000760                USART2_IRQHandler
                0x0000000008000760                I2C2_ER_IRQHandler
                0x0000000008000760                DMA1_Channel2_IRQHandler
                0x0000000008000760                CAN1_SCE_IRQHandler
                0x0000000008000760                FLASH_IRQHandler
                0x0000000008000760                USART1_IRQHandler
                0x0000000008000760                USBWakeUp_IRQHandler
 *fill*         0x0000000008000762        0x2 
 .text.HAL_Init
                0x0000000008000764       0x2c ./Drivers/STM32F1xx_HAL_Driver/Src/stm32f1xx_hal.o
                0x0000000008000764                HAL_Init
 .text.HAL_InitTick
                0x0000000008000790       0x60 ./Drivers/STM32F1xx_HAL_Driver/Src/stm32f1xx_hal.o
                0x0000000008000790                HAL_InitTick
 .text.HAL_IncTick
                0x00000000080007f0       0x24 ./Drivers/STM32F1xx_HAL_Driver/Src/stm32f1xx_hal.o
                0x00000000080007f0                HAL_IncTick
 .text.HAL_GetTick
                0x0000000008000814       0x14 ./Drivers/STM32F1xx_HAL_Driver/Src/stm32f1xx_hal.o
                0x0000000008000814                HAL_GetTick
 .text.HAL_Delay
                0x0000000008000828       0x48 ./Drivers/STM32F1xx_HAL_Driver/Src/stm32f1xx_hal.o
                0x0000000008000828                HAL_Delay
 .text.__NVIC_SetPriorityGrouping
                0x0000000008000870       0x48 ./Drivers/STM32F1xx_HAL_Driver/Src/stm32f1xx_hal_cortex.o
 .text.__NVIC_GetPriorityGrouping
                0x00000000080008b8       0x1c ./Drivers/STM32F1xx_HAL_Driver/Src/stm32f1xx_hal_cortex.o
 .text.__NVIC_EnableIRQ
                0x00000000080008d4       0x38 ./Drivers/STM32F1xx_HAL_Driver/Src/stm32f1xx_hal_cortex.o
 .text.__NVIC_SetPriority
                0x000000000800090c       0x54 ./Drivers/STM32F1xx_HAL_Driver/Src/stm32f1xx_hal_cortex.o
 .text.NVIC_EncodePriority
                0x0000000008000960       0x64 ./Drivers/STM32F1xx_HAL_Driver/Src/stm32f1xx_hal_cortex.o
 .text.SysTick_Config
                0x00000000080009c4       0x44 ./Drivers/STM32F1xx_HAL_Driver/Src/stm32f1xx_hal_cortex.o
 .text.HAL_NVIC_SetPriorityGrouping
                0x0000000008000a08       0x16 ./Drivers/STM32F1xx_HAL_Driver/Src/stm32f1xx_hal_cortex.o
                0x0000000008000a08                HAL_NVIC_SetPriorityGrouping
 .text.HAL_NVIC_SetPriority
                0x0000000008000a1e       0x38 ./Drivers/STM32F1xx_HAL_Driver/Src/stm32f1xx_hal_cortex.o
                0x0000000008000a1e                HAL_NVIC_SetPriority
 .text.HAL_NVIC_EnableIRQ
                0x0000000008000a56       0x1c ./Drivers/STM32F1xx_HAL_Driver/Src/stm32f1xx_hal_cortex.o
                0x0000000008000a56                HAL_NVIC_EnableIRQ
 .text.HAL_SYSTICK_Config
                0x0000000008000a72       0x18 ./Drivers/STM32F1xx_HAL_Driver/Src/stm32f1xx_hal_cortex.o
                0x0000000008000a72                HAL_SYSTICK_Config
 *fill*         0x0000000008000a8a        0x2 
 .text.HAL_DMA_Abort_IT
                0x0000000008000a8c       0xf0 ./Drivers/STM32F1xx_HAL_Driver/Src/stm32f1xx_hal_dma.o
                0x0000000008000a8c                HAL_DMA_Abort_IT
 .text.HAL_DMA_GetState
                0x0000000008000b7c       0x1a ./Drivers/STM32F1xx_HAL_Driver/Src/stm32f1xx_hal_dma.o
                0x0000000008000b7c                HAL_DMA_GetState
 *fill*         0x0000000008000b96        0x2 
 .text.HAL_GPIO_Init
                0x0000000008000b98      0x308 ./Drivers/STM32F1xx_HAL_Driver/Src/stm32f1xx_hal_gpio.o
                0x0000000008000b98                HAL_GPIO_Init
 .text.HAL_GPIO_WritePin
                0x0000000008000ea0       0x30 ./Drivers/STM32F1xx_HAL_Driver/Src/stm32f1xx_hal_gpio.o
                0x0000000008000ea0                HAL_GPIO_WritePin
 .text.HAL_GPIO_TogglePin
                0x0000000008000ed0       0x32 ./Drivers/STM32F1xx_HAL_Driver/Src/stm32f1xx_hal_gpio.o
                0x0000000008000ed0                HAL_GPIO_TogglePin
 *fill*         0x0000000008000f02        0x2 
 .text.HAL_GPIO_EXTI_IRQHandler
                0x0000000008000f04       0x30 ./Drivers/STM32F1xx_HAL_Driver/Src/stm32f1xx_hal_gpio.o
                0x0000000008000f04                HAL_GPIO_EXTI_IRQHandler
 .text.HAL_GPIO_EXTI_Callback
                0x0000000008000f34       0x14 ./Drivers/STM32F1xx_HAL_Driver/Src/stm32f1xx_hal_gpio.o
                0x0000000008000f34                HAL_GPIO_EXTI_Callback
 .text.HAL_I2C_Init
                0x0000000008000f48      0x288 ./Drivers/STM32F1xx_HAL_Driver/Src/stm32f1xx_hal_i2c.o
                0x0000000008000f48                HAL_I2C_Init
 .text.I2C_Flush_DR
                0x00000000080011d0       0x28 ./Drivers/STM32F1xx_HAL_Driver/Src/stm32f1xx_hal_i2c.o
 .text.HAL_I2C_Master_Transmit_IT
                0x00000000080011f8      0x140 ./Drivers/STM32F1xx_HAL_Driver/Src/stm32f1xx_hal_i2c.o
                0x00000000080011f8                HAL_I2C_Master_Transmit_IT
 .text.HAL_I2C_Master_Receive_IT
                0x0000000008001338      0x150 ./Drivers/STM32F1xx_HAL_Driver/Src/stm32f1xx_hal_i2c.o
                0x0000000008001338                HAL_I2C_Master_Receive_IT
 .text.HAL_I2C_Mem_Read_IT
                0x0000000008001488      0x170 ./Drivers/STM32F1xx_HAL_Driver/Src/stm32f1xx_hal_i2c.o
                0x0000000008001488                HAL_I2C_Mem_Read_IT
 .text.HAL_I2C_IsDeviceReady
                0x00000000080015f8      0x25c ./Drivers/STM32F1xx_HAL_Driver/Src/stm32f1xx_hal_i2c.o
                0x00000000080015f8                HAL_I2C_IsDeviceReady
 .text.HAL_I2C_Slave_Seq_Receive_IT
                0x0000000008001854       0xe4 ./Drivers/STM32F1xx_HAL_Driver/Src/stm32f1xx_hal_i2c.o
                0x0000000008001854                HAL_I2C_Slave_Seq_Receive_IT
 .text.HAL_I2C_EnableListen_IT
                0x0000000008001938       0x6a ./Drivers/STM32F1xx_HAL_Driver/Src/stm32f1xx_hal_i2c.o
                0x0000000008001938                HAL_I2C_EnableListen_IT
 .text.HAL_I2C_EV_IRQHandler
                0x00000000080019a2      0x2e2 ./Drivers/STM32F1xx_HAL_Driver/Src/stm32f1xx_hal_i2c.o
                0x00000000080019a2                HAL_I2C_EV_IRQHandler
 .text.HAL_I2C_ER_IRQHandler
                0x0000000008001c84      0x15e ./Drivers/STM32F1xx_HAL_Driver/Src/stm32f1xx_hal_i2c.o
                0x0000000008001c84                HAL_I2C_ER_IRQHandler
 .text.HAL_I2C_MasterTxCpltCallback
                0x0000000008001de2       0x12 ./Drivers/STM32F1xx_HAL_Driver/Src/stm32f1xx_hal_i2c.o
                0x0000000008001de2                HAL_I2C_MasterTxCpltCallback
 .text.HAL_I2C_MasterRxCpltCallback
                0x0000000008001df4       0x12 ./Drivers/STM32F1xx_HAL_Driver/Src/stm32f1xx_hal_i2c.o
                0x0000000008001df4                HAL_I2C_MasterRxCpltCallback
 .text.HAL_I2C_SlaveTxCpltCallback
                0x0000000008001e06       0x12 ./Drivers/STM32F1xx_HAL_Driver/Src/stm32f1xx_hal_i2c.o
                0x0000000008001e06                HAL_I2C_SlaveTxCpltCallback
 .text.HAL_I2C_MemTxCpltCallback
                0x0000000008001e18       0x12 ./Drivers/STM32F1xx_HAL_Driver/Src/stm32f1xx_hal_i2c.o
                0x0000000008001e18                HAL_I2C_MemTxCpltCallback
 .text.HAL_I2C_MemRxCpltCallback
                0x0000000008001e2a       0x12 ./Drivers/STM32F1xx_HAL_Driver/Src/stm32f1xx_hal_i2c.o
                0x0000000008001e2a                HAL_I2C_MemRxCpltCallback
 .text.HAL_I2C_AbortCpltCallback
                0x0000000008001e3c       0x12 ./Drivers/STM32F1xx_HAL_Driver/Src/stm32f1xx_hal_i2c.o
                0x0000000008001e3c                HAL_I2C_AbortCpltCallback
 .text.I2C_MasterTransmit_TXE
                0x0000000008001e4e      0x138 ./Drivers/STM32F1xx_HAL_Driver/Src/stm32f1xx_hal_i2c.o
 .text.I2C_MasterTransmit_BTF
                0x0000000008001f86       0xec ./Drivers/STM32F1xx_HAL_Driver/Src/stm32f1xx_hal_i2c.o
 .text.I2C_MemoryTransmit_TXE_BTF
                0x0000000008002072      0x130 ./Drivers/STM32F1xx_HAL_Driver/Src/stm32f1xx_hal_i2c.o
 .text.I2C_MasterReceive_RXNE
                0x00000000080021a2      0x190 ./Drivers/STM32F1xx_HAL_Driver/Src/stm32f1xx_hal_i2c.o
 .text.I2C_MasterReceive_BTF
                0x0000000008002332      0x1e2 ./Drivers/STM32F1xx_HAL_Driver/Src/stm32f1xx_hal_i2c.o
 .text.I2C_Master_SB
                0x0000000008002514      0x10a ./Drivers/STM32F1xx_HAL_Driver/Src/stm32f1xx_hal_i2c.o
 .text.I2C_Master_ADD10
                0x000000000800261e       0x52 ./Drivers/STM32F1xx_HAL_Driver/Src/stm32f1xx_hal_i2c.o
 .text.I2C_Master_ADDR
                0x0000000008002670      0x336 ./Drivers/STM32F1xx_HAL_Driver/Src/stm32f1xx_hal_i2c.o
 .text.I2C_SlaveTransmit_TXE
                0x00000000080029a6       0x7a ./Drivers/STM32F1xx_HAL_Driver/Src/stm32f1xx_hal_i2c.o
 .text.I2C_SlaveTransmit_BTF
                0x0000000008002a20       0x40 ./Drivers/STM32F1xx_HAL_Driver/Src/stm32f1xx_hal_i2c.o
 .text.I2C_SlaveReceive_RXNE
                0x0000000008002a60       0x7c ./Drivers/STM32F1xx_HAL_Driver/Src/stm32f1xx_hal_i2c.o
 .text.I2C_SlaveReceive_BTF
                0x0000000008002adc       0x42 ./Drivers/STM32F1xx_HAL_Driver/Src/stm32f1xx_hal_i2c.o
 .text.I2C_Slave_ADDR
                0x0000000008002b1e       0x94 ./Drivers/STM32F1xx_HAL_Driver/Src/stm32f1xx_hal_i2c.o
 *fill*         0x0000000008002bb2        0x2 
 .text.I2C_Slave_STOPF
                0x0000000008002bb4      0x260 ./Drivers/STM32F1xx_HAL_Driver/Src/stm32f1xx_hal_i2c.o
 .text.I2C_Slave_AF
                0x0000000008002e14       0xe8 ./Drivers/STM32F1xx_HAL_Driver/Src/stm32f1xx_hal_i2c.o
 .text.I2C_ITError
                0x0000000008002efc      0x264 ./Drivers/STM32F1xx_HAL_Driver/Src/stm32f1xx_hal_i2c.o
 .text.I2C_DMAAbort
                0x0000000008003160      0x150 ./Drivers/STM32F1xx_HAL_Driver/Src/stm32f1xx_hal_i2c.o
 .text.I2C_WaitOnFlagUntilTimeout
                0x00000000080032b0       0xf4 ./Drivers/STM32F1xx_HAL_Driver/Src/stm32f1xx_hal_i2c.o
 .text.I2C_WaitOnSTOPRequestThroughIT
                0x00000000080033a4       0x64 ./Drivers/STM32F1xx_HAL_Driver/Src/stm32f1xx_hal_i2c.o
 .text.I2C_ConvertOtherXferOptions
                0x0000000008003408       0x34 ./Drivers/STM32F1xx_HAL_Driver/Src/stm32f1xx_hal_i2c.o
 .text.HAL_RCC_OscConfig
                0x000000000800343c      0x500 ./Drivers/STM32F1xx_HAL_Driver/Src/stm32f1xx_hal_rcc.o
                0x000000000800343c                HAL_RCC_OscConfig
 .text.HAL_RCC_ClockConfig
                0x000000000800393c      0x1d4 ./Drivers/STM32F1xx_HAL_Driver/Src/stm32f1xx_hal_rcc.o
                0x000000000800393c                HAL_RCC_ClockConfig
 .text.HAL_RCC_GetSysClockFreq
                0x0000000008003b10       0xa8 ./Drivers/STM32F1xx_HAL_Driver/Src/stm32f1xx_hal_rcc.o
                0x0000000008003b10                HAL_RCC_GetSysClockFreq
 .text.HAL_RCC_GetHCLKFreq
                0x0000000008003bb8       0x14 ./Drivers/STM32F1xx_HAL_Driver/Src/stm32f1xx_hal_rcc.o
                0x0000000008003bb8                HAL_RCC_GetHCLKFreq
 .text.HAL_RCC_GetPCLK1Freq
                0x0000000008003bcc       0x28 ./Drivers/STM32F1xx_HAL_Driver/Src/stm32f1xx_hal_rcc.o
                0x0000000008003bcc                HAL_RCC_GetPCLK1Freq
 .text.HAL_RCC_GetPCLK2Freq
                0x0000000008003bf4       0x28 ./Drivers/STM32F1xx_HAL_Driver/Src/stm32f1xx_hal_rcc.o
                0x0000000008003bf4                HAL_RCC_GetPCLK2Freq
 .text.RCC_Delay
                0x0000000008003c1c       0x3c ./Drivers/STM32F1xx_HAL_Driver/Src/stm32f1xx_hal_rcc.o
 .text.HAL_UART_Init
                0x0000000008003c58       0xa0 ./Drivers/STM32F1xx_HAL_Driver/Src/stm32f1xx_hal_uart.o
                0x0000000008003c58                HAL_UART_Init
 .text.UART_SetConfig
                0x0000000008003cf8      0x11c ./Drivers/STM32F1xx_HAL_Driver/Src/stm32f1xx_hal_uart.o
 .text.DHT20_Init
                0x0000000008003e14       0x4c ./SOW/Src/dht20.o
                0x0000000008003e14                DHT20_Init
 .text.DHT20_IsConnected
                0x0000000008003e60       0x2c ./SOW/Src/dht20.o
                0x0000000008003e60                DHT20_IsConnected
 .text.DHT20_RequestData
                0x0000000008003e8c       0x4c ./SOW/Src/dht20.o
                0x0000000008003e8c                DHT20_RequestData
 .text.DHT20_ReadData
                0x0000000008003ed8       0x74 ./SOW/Src/dht20.o
                0x0000000008003ed8                DHT20_ReadData
 .text.DHT20_ReadStatus
                0x0000000008003f4c       0x3e ./SOW/Src/dht20.o
                0x0000000008003f4c                DHT20_ReadStatus
 .text.DHT20_ResetSensor
                0x0000000008003f8a       0x6e ./SOW/Src/dht20.o
                0x0000000008003f8a                DHT20_ResetSensor
 .text.DHT20_ResetRegister
                0x0000000008003ff8       0xa4 ./SOW/Src/dht20.o
                0x0000000008003ff8                DHT20_ResetRegister
 .text.I2C_Transmit
                0x000000000800409c       0x2a ./SOW/Src/i2c_master.o
                0x000000000800409c                I2C_Transmit
 .text.I2C_Receive
                0x00000000080040c6       0x2a ./SOW/Src/i2c_master.o
                0x00000000080040c6                I2C_Receive
 .text.I2C_Read
                0x00000000080040f0       0x3a ./SOW/Src/i2c_master.o
                0x00000000080040f0                I2C_Read
 .text.HAL_I2C_ListenCpltCallback
                0x000000000800412a       0x16 ./SOW/Src/i2c_slave.o
                0x000000000800412a                HAL_I2C_ListenCpltCallback
 .text.HAL_I2C_AddrCallback
                0x0000000008004140       0x34 ./SOW/Src/i2c_slave.o
                0x0000000008004140                HAL_I2C_AddrCallback
 .text.HAL_I2C_SlaveRxCpltCallback
                0x0000000008004174       0x12 ./SOW/Src/i2c_slave.o
                0x0000000008004174                HAL_I2C_SlaveRxCpltCallback
 .text.HAL_I2C_ErrorCallback
                0x0000000008004186       0x16 ./SOW/Src/i2c_slave.o
                0x0000000008004186                HAL_I2C_ErrorCallback
 .text.__libc_init_array
                0x000000000800419c       0x48 c:/users/thuyh/stm32cubeide_1.7.0/stm32cubeide/plugins/com.st.stm32cube.ide.mcu.externaltools.gnu-tools-for-stm32.9-2020-q2-update.win32_2.0.0.202105311346/tools/bin/../lib/gcc/arm-none-eabi/9.3.1/../../../../arm-none-eabi/lib/thumb/v7-m/nofp\libc_nano.a(lib_a-init.o)
                0x000000000800419c                __libc_init_array
 .text.memset   0x00000000080041e4       0x10 c:/users/thuyh/stm32cubeide_1.7.0/stm32cubeide/plugins/com.st.stm32cube.ide.mcu.externaltools.gnu-tools-for-stm32.9-2020-q2-update.win32_2.0.0.202105311346/tools/bin/../lib/gcc/arm-none-eabi/9.3.1/../../../../arm-none-eabi/lib/thumb/v7-m/nofp\libc_nano.a(lib_a-memset.o)
                0x00000000080041e4                memset
 *(.glue_7)
 .glue_7        0x00000000080041f4        0x0 linker stubs
 *(.glue_7t)
 .glue_7t       0x00000000080041f4        0x0 linker stubs
 *(.eh_frame)
 .eh_frame      0x00000000080041f4        0x0 c:/users/thuyh/stm32cubeide_1.7.0/stm32cubeide/plugins/com.st.stm32cube.ide.mcu.externaltools.gnu-tools-for-stm32.9-2020-q2-update.win32_2.0.0.202105311346/tools/bin/../lib/gcc/arm-none-eabi/9.3.1/thumb/v7-m/nofp/crtbegin.o
 *(.init)
 .init          0x00000000080041f4        0x4 c:/users/thuyh/stm32cubeide_1.7.0/stm32cubeide/plugins/com.st.stm32cube.ide.mcu.externaltools.gnu-tools-for-stm32.9-2020-q2-update.win32_2.0.0.202105311346/tools/bin/../lib/gcc/arm-none-eabi/9.3.1/thumb/v7-m/nofp/crti.o
                0x00000000080041f4                _init
 .init          0x00000000080041f8        0x8 c:/users/thuyh/stm32cubeide_1.7.0/stm32cubeide/plugins/com.st.stm32cube.ide.mcu.externaltools.gnu-tools-for-stm32.9-2020-q2-update.win32_2.0.0.202105311346/tools/bin/../lib/gcc/arm-none-eabi/9.3.1/thumb/v7-m/nofp/crtn.o
 *(.fini)
 .fini          0x0000000008004200        0x4 c:/users/thuyh/stm32cubeide_1.7.0/stm32cubeide/plugins/com.st.stm32cube.ide.mcu.externaltools.gnu-tools-for-stm32.9-2020-q2-update.win32_2.0.0.202105311346/tools/bin/../lib/gcc/arm-none-eabi/9.3.1/thumb/v7-m/nofp/crti.o
                0x0000000008004200                _fini
 .fini          0x0000000008004204        0x8 c:/users/thuyh/stm32cubeide_1.7.0/stm32cubeide/plugins/com.st.stm32cube.ide.mcu.externaltools.gnu-tools-for-stm32.9-2020-q2-update.win32_2.0.0.202105311346/tools/bin/../lib/gcc/arm-none-eabi/9.3.1/thumb/v7-m/nofp/crtn.o
                0x000000000800420c                . = ALIGN (0x4)
                0x000000000800420c                _etext = .

.vfp11_veneer   0x000000000800420c        0x0
 .vfp11_veneer  0x000000000800420c        0x0 linker stubs

.v4_bx          0x000000000800420c        0x0
 .v4_bx         0x000000000800420c        0x0 linker stubs

.iplt           0x000000000800420c        0x0
 .iplt          0x000000000800420c        0x0 c:/users/thuyh/stm32cubeide_1.7.0/stm32cubeide/plugins/com.st.stm32cube.ide.mcu.externaltools.gnu-tools-for-stm32.9-2020-q2-update.win32_2.0.0.202105311346/tools/bin/../lib/gcc/arm-none-eabi/9.3.1/thumb/v7-m/nofp/crtbegin.o

.rodata         0x000000000800420c       0x34
                0x000000000800420c                . = ALIGN (0x4)
 *(.rodata)
 .rodata        0x000000000800420c        0x7 ./SOW/Src/dht20.o
 *(.rodata*)
 *fill*         0x0000000008004213        0x1 
 .rodata.AHBPrescTable
                0x0000000008004214       0x10 ./Core/Src/system_stm32f1xx.o
                0x0000000008004214                AHBPrescTable
 .rodata.APBPrescTable
                0x0000000008004224        0x8 ./Core/Src/system_stm32f1xx.o
                0x0000000008004224                APBPrescTable
 .rodata.aPLLMULFactorTable.5914
                0x000000000800422c       0x10 ./Drivers/STM32F1xx_HAL_Driver/Src/stm32f1xx_hal_rcc.o
 .rodata.aPredivFactorTable.5915
                0x000000000800423c        0x2 ./Drivers/STM32F1xx_HAL_Driver/Src/stm32f1xx_hal_rcc.o
                0x0000000008004240                . = ALIGN (0x4)
 *fill*         0x000000000800423e        0x2 

.rel.dyn        0x0000000008004240        0x0
 .rel.iplt      0x0000000008004240        0x0 c:/users/thuyh/stm32cubeide_1.7.0/stm32cubeide/plugins/com.st.stm32cube.ide.mcu.externaltools.gnu-tools-for-stm32.9-2020-q2-update.win32_2.0.0.202105311346/tools/bin/../lib/gcc/arm-none-eabi/9.3.1/thumb/v7-m/nofp/crtbegin.o

.ARM.extab      0x0000000008004240        0x0
                0x0000000008004240                . = ALIGN (0x4)
 *(.ARM.extab* .gnu.linkonce.armextab.*)
                0x0000000008004240                . = ALIGN (0x4)

.ARM            0x0000000008004240        0x0
                0x0000000008004240                . = ALIGN (0x4)
                0x0000000008004240                __exidx_start = .
 *(.ARM.exidx*)
                0x0000000008004240                __exidx_end = .
                0x0000000008004240                . = ALIGN (0x4)

.preinit_array  0x0000000008004240        0x0
                0x0000000008004240                . = ALIGN (0x4)
                0x0000000008004240                PROVIDE (__preinit_array_start = .)
 *(.preinit_array*)
                0x0000000008004240                PROVIDE (__preinit_array_end = .)
                0x0000000008004240                . = ALIGN (0x4)

.init_array     0x0000000008004240        0x4
                0x0000000008004240                . = ALIGN (0x4)
                0x0000000008004240                PROVIDE (__init_array_start = .)
 *(SORT_BY_NAME(.init_array.*))
 *(.init_array*)
 .init_array    0x0000000008004240        0x4 c:/users/thuyh/stm32cubeide_1.7.0/stm32cubeide/plugins/com.st.stm32cube.ide.mcu.externaltools.gnu-tools-for-stm32.9-2020-q2-update.win32_2.0.0.202105311346/tools/bin/../lib/gcc/arm-none-eabi/9.3.1/thumb/v7-m/nofp/crtbegin.o
                0x0000000008004244                PROVIDE (__init_array_end = .)
                0x0000000008004244                . = ALIGN (0x4)

.fini_array     0x0000000008004244        0x4
                0x0000000008004244                . = ALIGN (0x4)
                [!provide]                        PROVIDE (__fini_array_start = .)
 *(SORT_BY_NAME(.fini_array.*))
 *(.fini_array*)
 .fini_array    0x0000000008004244        0x4 c:/users/thuyh/stm32cubeide_1.7.0/stm32cubeide/plugins/com.st.stm32cube.ide.mcu.externaltools.gnu-tools-for-stm32.9-2020-q2-update.win32_2.0.0.202105311346/tools/bin/../lib/gcc/arm-none-eabi/9.3.1/thumb/v7-m/nofp/crtbegin.o
                [!provide]                        PROVIDE (__fini_array_end = .)
                0x0000000008004248                . = ALIGN (0x4)
                0x0000000008004248                _sidata = LOADADDR (.data)

.data           0x0000000020000000        0xc load address 0x0000000008004248
                0x0000000020000000                . = ALIGN (0x4)
                0x0000000020000000                _sdata = .
 *(.data)
 *(.data*)
 .data.SystemCoreClock
                0x0000000020000000        0x4 ./Core/Src/system_stm32f1xx.o
                0x0000000020000000                SystemCoreClock
 .data.uwTickPrio
                0x0000000020000004        0x4 ./Drivers/STM32F1xx_HAL_Driver/Src/stm32f1xx_hal.o
                0x0000000020000004                uwTickPrio
 .data.uwTickFreq
                0x0000000020000008        0x1 ./Drivers/STM32F1xx_HAL_Driver/Src/stm32f1xx_hal.o
                0x0000000020000008                uwTickFreq
 *(.RamFunc)
 *(.RamFunc*)
                0x000000002000000c                . = ALIGN (0x4)
 *fill*         0x0000000020000009        0x3 
                0x000000002000000c                _edata = .

.igot.plt       0x000000002000000c        0x0 load address 0x0000000008004254
 .igot.plt      0x000000002000000c        0x0 c:/users/thuyh/stm32cubeide_1.7.0/stm32cubeide/plugins/com.st.stm32cube.ide.mcu.externaltools.gnu-tools-for-stm32.9-2020-q2-update.win32_2.0.0.202105311346/tools/bin/../lib/gcc/arm-none-eabi/9.3.1/thumb/v7-m/nofp/crtbegin.o
                0x000000002000000c                . = ALIGN (0x4)

.bss            0x000000002000000c       0xf4 load address 0x0000000008004254
                0x000000002000000c                _sbss = .
                0x000000002000000c                __bss_start__ = _sbss
 *(.bss)
 .bss           0x000000002000000c       0x1c c:/users/thuyh/stm32cubeide_1.7.0/stm32cubeide/plugins/com.st.stm32cube.ide.mcu.externaltools.gnu-tools-for-stm32.9-2020-q2-update.win32_2.0.0.202105311346/tools/bin/../lib/gcc/arm-none-eabi/9.3.1/thumb/v7-m/nofp/crtbegin.o
 *(.bss*)
 .bss.active    0x0000000020000028        0x1 ./Core/Src/HDl_dht20.o
                0x0000000020000028                active
 *(COMMON)
 *fill*         0x0000000020000029        0x3 
 COMMON         0x000000002000002c       0x80 ./Core/Src/HDl_dht20.o
                0x000000002000002c                hi2c1
                0x0000000020000080                state
                0x0000000020000084                dht20
 COMMON         0x00000000200000ac       0x48 ./Core/Src/main.o
                0x00000000200000ac                huart2
 COMMON         0x00000000200000f4        0x4 ./Drivers/STM32F1xx_HAL_Driver/Src/stm32f1xx_hal.o
                0x00000000200000f4                uwTick
 COMMON         0x00000000200000f8        0x6 ./SOW/Src/i2c_slave.o
                0x00000000200000f8                Rxdata
                0x0000000020000100                . = ALIGN (0x4)
 *fill*         0x00000000200000fe        0x2 
                0x0000000020000100                _ebss = .
                0x0000000020000100                __bss_end__ = _ebss

._user_heap_stack
                0x0000000020000100      0x600 load address 0x0000000008004254
                0x0000000020000100                . = ALIGN (0x8)
                [!provide]                        PROVIDE (end = .)
                0x0000000020000100                PROVIDE (_end = .)
                0x0000000020000300                . = (. + _Min_Heap_Size)
 *fill*         0x0000000020000100      0x200 
                0x0000000020000700                . = (. + _Min_Stack_Size)
 *fill*         0x0000000020000300      0x400 
                0x0000000020000700                . = ALIGN (0x8)

/DISCARD/
 libc.a(*)
 libm.a(*)
 libgcc.a(*)

.ARM.attributes
                0x0000000000000000       0x29
 *(.ARM.attributes)
 .ARM.attributes
                0x0000000000000000       0x1d c:/users/thuyh/stm32cubeide_1.7.0/stm32cubeide/plugins/com.st.stm32cube.ide.mcu.externaltools.gnu-tools-for-stm32.9-2020-q2-update.win32_2.0.0.202105311346/tools/bin/../lib/gcc/arm-none-eabi/9.3.1/thumb/v7-m/nofp/crti.o
 .ARM.attributes
                0x000000000000001d       0x2d c:/users/thuyh/stm32cubeide_1.7.0/stm32cubeide/plugins/com.st.stm32cube.ide.mcu.externaltools.gnu-tools-for-stm32.9-2020-q2-update.win32_2.0.0.202105311346/tools/bin/../lib/gcc/arm-none-eabi/9.3.1/thumb/v7-m/nofp/crtbegin.o
 .ARM.attributes
                0x000000000000004a       0x2d ./Core/Src/HDl_dht20.o
 .ARM.attributes
                0x0000000000000077       0x2d ./Core/Src/main.o
 .ARM.attributes
                0x00000000000000a4       0x2d ./Core/Src/stm32f1xx_hal_msp.o
 .ARM.attributes
                0x00000000000000d1       0x2d ./Core/Src/stm32f1xx_it.o
 .ARM.attributes
                0x00000000000000fe       0x2d ./Core/Src/system_stm32f1xx.o
 .ARM.attributes
                0x000000000000012b       0x21 ./Core/Startup/startup_stm32f103rbtx.o
 .ARM.attributes
                0x000000000000014c       0x2d ./Drivers/STM32F1xx_HAL_Driver/Src/stm32f1xx_hal.o
 .ARM.attributes
                0x0000000000000179       0x2d ./Drivers/STM32F1xx_HAL_Driver/Src/stm32f1xx_hal_cortex.o
 .ARM.attributes
                0x00000000000001a6       0x2d ./Drivers/STM32F1xx_HAL_Driver/Src/stm32f1xx_hal_dma.o
 .ARM.attributes
                0x00000000000001d3       0x2d ./Drivers/STM32F1xx_HAL_Driver/Src/stm32f1xx_hal_gpio.o
 .ARM.attributes
                0x0000000000000200       0x2d ./Drivers/STM32F1xx_HAL_Driver/Src/stm32f1xx_hal_i2c.o
 .ARM.attributes
                0x000000000000022d       0x2d ./Drivers/STM32F1xx_HAL_Driver/Src/stm32f1xx_hal_rcc.o
 .ARM.attributes
                0x000000000000025a       0x2d ./Drivers/STM32F1xx_HAL_Driver/Src/stm32f1xx_hal_uart.o
 .ARM.attributes
                0x0000000000000287       0x2d ./SOW/Src/dht20.o
 .ARM.attributes
                0x00000000000002b4       0x2d ./SOW/Src/i2c_master.o
 .ARM.attributes
                0x00000000000002e1       0x2d ./SOW/Src/i2c_slave.o
 .ARM.attributes
                0x000000000000030e       0x2d c:/users/thuyh/stm32cubeide_1.7.0/stm32cubeide/plugins/com.st.stm32cube.ide.mcu.externaltools.gnu-tools-for-stm32.9-2020-q2-update.win32_2.0.0.202105311346/tools/bin/../lib/gcc/arm-none-eabi/9.3.1/../../../../arm-none-eabi/lib/thumb/v7-m/nofp\libc_nano.a(lib_a-init.o)
 .ARM.attributes
                0x000000000000033b       0x2d c:/users/thuyh/stm32cubeide_1.7.0/stm32cubeide/plugins/com.st.stm32cube.ide.mcu.externaltools.gnu-tools-for-stm32.9-2020-q2-update.win32_2.0.0.202105311346/tools/bin/../lib/gcc/arm-none-eabi/9.3.1/../../../../arm-none-eabi/lib/thumb/v7-m/nofp\libc_nano.a(lib_a-memset.o)
 .ARM.attributes
                0x0000000000000368       0x1d c:/users/thuyh/stm32cubeide_1.7.0/stm32cubeide/plugins/com.st.stm32cube.ide.mcu.externaltools.gnu-tools-for-stm32.9-2020-q2-update.win32_2.0.0.202105311346/tools/bin/../lib/gcc/arm-none-eabi/9.3.1/thumb/v7-m/nofp/crtn.o
OUTPUT(Digictal_project.elf elf32-littlearm)
LOAD linker stubs
LOAD c:/users/thuyh/stm32cubeide_1.7.0/stm32cubeide/plugins/com.st.stm32cube.ide.mcu.externaltools.gnu-tools-for-stm32.9-2020-q2-update.win32_2.0.0.202105311346/tools/bin/../lib/gcc/arm-none-eabi/9.3.1/../../../../arm-none-eabi/lib/thumb/v7-m/nofp\libc.a
LOAD c:/users/thuyh/stm32cubeide_1.7.0/stm32cubeide/plugins/com.st.stm32cube.ide.mcu.externaltools.gnu-tools-for-stm32.9-2020-q2-update.win32_2.0.0.202105311346/tools/bin/../lib/gcc/arm-none-eabi/9.3.1/../../../../arm-none-eabi/lib/thumb/v7-m/nofp\libm.a
LOAD c:/users/thuyh/stm32cubeide_1.7.0/stm32cubeide/plugins/com.st.stm32cube.ide.mcu.externaltools.gnu-tools-for-stm32.9-2020-q2-update.win32_2.0.0.202105311346/tools/bin/../lib/gcc/arm-none-eabi/9.3.1/thumb/v7-m/nofp\libgcc.a

.debug_info     0x0000000000000000     0xe7dc
 .debug_info    0x0000000000000000     0x11b2 ./Core/Src/HDl_dht20.o
 .debug_info    0x00000000000011b2     0x1751 ./Core/Src/main.o
 .debug_info    0x0000000000002903      0xda1 ./Core/Src/stm32f1xx_hal_msp.o
 .debug_info    0x00000000000036a4      0x762 ./Core/Src/stm32f1xx_it.o
 .debug_info    0x0000000000003e06      0x2be ./Core/Src/system_stm32f1xx.o
 .debug_info    0x00000000000040c4       0x22 ./Core/Startup/startup_stm32f103rbtx.o
 .debug_info    0x00000000000040e6      0x76a ./Drivers/STM32F1xx_HAL_Driver/Src/stm32f1xx_hal.o
 .debug_info    0x0000000000004850      0xbdc ./Drivers/STM32F1xx_HAL_Driver/Src/stm32f1xx_hal_cortex.o
 .debug_info    0x000000000000542c      0x823 ./Drivers/STM32F1xx_HAL_Driver/Src/stm32f1xx_hal_dma.o
 .debug_info    0x0000000000005c4f      0x701 ./Drivers/STM32F1xx_HAL_Driver/Src/stm32f1xx_hal_gpio.o
 .debug_info    0x0000000000006350     0x27cb ./Drivers/STM32F1xx_HAL_Driver/Src/stm32f1xx_hal_i2c.o
 .debug_info    0x0000000000008b1b      0x893 ./Drivers/STM32F1xx_HAL_Driver/Src/stm32f1xx_hal_rcc.o
 .debug_info    0x00000000000093ae     0x312f ./Drivers/STM32F1xx_HAL_Driver/Src/stm32f1xx_hal_uart.o
 .debug_info    0x000000000000c4dd     0x13d1 ./SOW/Src/dht20.o
 .debug_info    0x000000000000d8ae      0x7d6 ./SOW/Src/i2c_master.o
 .debug_info    0x000000000000e084      0x758 ./SOW/Src/i2c_slave.o

.debug_abbrev   0x0000000000000000     0x1f60
 .debug_abbrev  0x0000000000000000      0x1ef ./Core/Src/HDl_dht20.o
 .debug_abbrev  0x00000000000001ef      0x295 ./Core/Src/main.o
 .debug_abbrev  0x0000000000000484      0x1b5 ./Core/Src/stm32f1xx_hal_msp.o
 .debug_abbrev  0x0000000000000639      0x163 ./Core/Src/stm32f1xx_it.o
 .debug_abbrev  0x000000000000079c      0x14e ./Core/Src/system_stm32f1xx.o
 .debug_abbrev  0x00000000000008ea       0x12 ./Core/Startup/startup_stm32f103rbtx.o
 .debug_abbrev  0x00000000000008fc      0x1ed ./Drivers/STM32F1xx_HAL_Driver/Src/stm32f1xx_hal.o
 .debug_abbrev  0x0000000000000ae9      0x313 ./Drivers/STM32F1xx_HAL_Driver/Src/stm32f1xx_hal_cortex.o
 .debug_abbrev  0x0000000000000dfc      0x228 ./Drivers/STM32F1xx_HAL_Driver/Src/stm32f1xx_hal_dma.o
 .debug_abbrev  0x0000000000001024      0x1e8 ./Drivers/STM32F1xx_HAL_Driver/Src/stm32f1xx_hal_gpio.o
 .debug_abbrev  0x000000000000120c      0x288 ./Drivers/STM32F1xx_HAL_Driver/Src/stm32f1xx_hal_i2c.o
 .debug_abbrev  0x0000000000001494      0x273 ./Drivers/STM32F1xx_HAL_Driver/Src/stm32f1xx_hal_rcc.o
 .debug_abbrev  0x0000000000001707      0x2eb ./Drivers/STM32F1xx_HAL_Driver/Src/stm32f1xx_hal_uart.o
 .debug_abbrev  0x00000000000019f2      0x24f ./SOW/Src/dht20.o
 .debug_abbrev  0x0000000000001c41      0x17a ./SOW/Src/i2c_master.o
 .debug_abbrev  0x0000000000001dbb      0x1a5 ./SOW/Src/i2c_slave.o

.debug_aranges  0x0000000000000000      0xa68
 .debug_aranges
                0x0000000000000000       0x28 ./Core/Src/HDl_dht20.o
 .debug_aranges
                0x0000000000000028       0x48 ./Core/Src/main.o
 .debug_aranges
                0x0000000000000070       0x40 ./Core/Src/stm32f1xx_hal_msp.o
 .debug_aranges
                0x00000000000000b0       0x78 ./Core/Src/stm32f1xx_it.o
 .debug_aranges
                0x0000000000000128       0x28 ./Core/Src/system_stm32f1xx.o
 .debug_aranges
                0x0000000000000150       0x28 ./Core/Startup/startup_stm32f103rbtx.o
 .debug_aranges
                0x0000000000000178       0xe0 ./Drivers/STM32F1xx_HAL_Driver/Src/stm32f1xx_hal.o
 .debug_aranges
                0x0000000000000258      0x100 ./Drivers/STM32F1xx_HAL_Driver/Src/stm32f1xx_hal_cortex.o
 .debug_aranges
                0x0000000000000358       0x80 ./Drivers/STM32F1xx_HAL_Driver/Src/stm32f1xx_hal_dma.o
 .debug_aranges
                0x00000000000003d8       0x58 ./Drivers/STM32F1xx_HAL_Driver/Src/stm32f1xx_hal_gpio.o
 .debug_aranges
                0x0000000000000430      0x2a8 ./Drivers/STM32F1xx_HAL_Driver/Src/stm32f1xx_hal_i2c.o
 .debug_aranges
                0x00000000000006d8       0x90 ./Drivers/STM32F1xx_HAL_Driver/Src/stm32f1xx_hal_rcc.o
 .debug_aranges
                0x0000000000000768      0x208 ./Drivers/STM32F1xx_HAL_Driver/Src/stm32f1xx_hal_uart.o
 .debug_aranges
                0x0000000000000970       0x90 ./SOW/Src/dht20.o
 .debug_aranges
                0x0000000000000a00       0x30 ./SOW/Src/i2c_master.o
 .debug_aranges
                0x0000000000000a30       0x38 ./SOW/Src/i2c_slave.o

.debug_ranges   0x0000000000000000      0x9b8
 .debug_ranges  0x0000000000000000       0x18 ./Core/Src/HDl_dht20.o
 .debug_ranges  0x0000000000000018       0x38 ./Core/Src/main.o
 .debug_ranges  0x0000000000000050       0x30 ./Core/Src/stm32f1xx_hal_msp.o
 .debug_ranges  0x0000000000000080       0x68 ./Core/Src/stm32f1xx_it.o
 .debug_ranges  0x00000000000000e8       0x18 ./Core/Src/system_stm32f1xx.o
 .debug_ranges  0x0000000000000100       0x20 ./Core/Startup/startup_stm32f103rbtx.o
 .debug_ranges  0x0000000000000120       0xd0 ./Drivers/STM32F1xx_HAL_Driver/Src/stm32f1xx_hal.o
 .debug_ranges  0x00000000000001f0       0xf0 ./Drivers/STM32F1xx_HAL_Driver/Src/stm32f1xx_hal_cortex.o
 .debug_ranges  0x00000000000002e0       0x70 ./Drivers/STM32F1xx_HAL_Driver/Src/stm32f1xx_hal_dma.o
 .debug_ranges  0x0000000000000350       0x48 ./Drivers/STM32F1xx_HAL_Driver/Src/stm32f1xx_hal_gpio.o
 .debug_ranges  0x0000000000000398      0x2b0 ./Drivers/STM32F1xx_HAL_Driver/Src/stm32f1xx_hal_i2c.o
 .debug_ranges  0x0000000000000648       0x80 ./Drivers/STM32F1xx_HAL_Driver/Src/stm32f1xx_hal_rcc.o
 .debug_ranges  0x00000000000006c8      0x228 ./Drivers/STM32F1xx_HAL_Driver/Src/stm32f1xx_hal_uart.o
 .debug_ranges  0x00000000000008f0       0x80 ./SOW/Src/dht20.o
 .debug_ranges  0x0000000000000970       0x20 ./SOW/Src/i2c_master.o
 .debug_ranges  0x0000000000000990       0x28 ./SOW/Src/i2c_slave.o

.debug_macro    0x0000000000000000    0x17cbc
 .debug_macro   0x0000000000000000      0x405 ./Core/Src/HDl_dht20.o
 .debug_macro   0x0000000000000405      0xa9c ./Core/Src/HDl_dht20.o
 .debug_macro   0x0000000000000ea1      0x21b ./Core/Src/HDl_dht20.o
 .debug_macro   0x00000000000010bc       0x2e ./Core/Src/HDl_dht20.o
 .debug_macro   0x00000000000010ea       0x22 ./Core/Src/HDl_dht20.o
 .debug_macro   0x000000000000110c       0x22 ./Core/Src/HDl_dht20.o
 .debug_macro   0x000000000000112e       0x8e ./Core/Src/HDl_dht20.o
 .debug_macro   0x00000000000011bc       0x51 ./Core/Src/HDl_dht20.o
 .debug_macro   0x000000000000120d      0x103 ./Core/Src/HDl_dht20.o
 .debug_macro   0x0000000000001310       0x6a ./Core/Src/HDl_dht20.o
 .debug_macro   0x000000000000137a      0x1df ./Core/Src/HDl_dht20.o
 .debug_macro   0x0000000000001559       0x1c ./Core/Src/HDl_dht20.o
 .debug_macro   0x0000000000001575       0x22 ./Core/Src/HDl_dht20.o
 .debug_macro   0x0000000000001597       0xc3 ./Core/Src/HDl_dht20.o
 .debug_macro   0x000000000000165a      0xd23 ./Core/Src/HDl_dht20.o
 .debug_macro   0x000000000000237d     0xe09e ./Core/Src/HDl_dht20.o
 .debug_macro   0x000000000001041b       0x6d ./Core/Src/HDl_dht20.o
 .debug_macro   0x0000000000010488     0x34a2 ./Core/Src/HDl_dht20.o
 .debug_macro   0x000000000001392a      0x174 ./Core/Src/HDl_dht20.o
 .debug_macro   0x0000000000013a9e       0x5c ./Core/Src/HDl_dht20.o
 .debug_macro   0x0000000000013afa      0x5bc ./Core/Src/HDl_dht20.o
 .debug_macro   0x00000000000140b6      0x289 ./Core/Src/HDl_dht20.o
 .debug_macro   0x000000000001433f      0x1cb ./Core/Src/HDl_dht20.o
 .debug_macro   0x000000000001450a      0x114 ./Core/Src/HDl_dht20.o
 .debug_macro   0x000000000001461e      0x1b2 ./Core/Src/HDl_dht20.o
 .debug_macro   0x00000000000147d0       0x27 ./Core/Src/HDl_dht20.o
 .debug_macro   0x00000000000147f7      0x136 ./Core/Src/HDl_dht20.o
 .debug_macro   0x000000000001492d      0x1bc ./Core/Src/HDl_dht20.o
 .debug_macro   0x0000000000014ae9       0x34 ./Core/Src/HDl_dht20.o
 .debug_macro   0x0000000000014b1d       0x3c ./Core/Src/HDl_dht20.o
 .debug_macro   0x0000000000014b59       0x57 ./Core/Src/HDl_dht20.o
 .debug_macro   0x0000000000014bb0       0x87 ./Core/Src/HDl_dht20.o
 .debug_macro   0x0000000000014c37      0x240 ./Core/Src/HDl_dht20.o
 .debug_macro   0x0000000000014e77      0x287 ./Core/Src/HDl_dht20.o
 .debug_macro   0x00000000000150fe      0x140 ./Core/Src/HDl_dht20.o
 .debug_macro   0x000000000001523e      0x28e ./Core/Src/HDl_dht20.o
 .debug_macro   0x00000000000154cc       0x83 ./Core/Src/HDl_dht20.o
 .debug_macro   0x000000000001554f       0x6a ./Core/Src/HDl_dht20.o
 .debug_macro   0x00000000000155b9       0x52 ./Core/Src/HDl_dht20.o
 .debug_macro   0x000000000001560b       0x18 ./Core/Src/HDl_dht20.o
 .debug_macro   0x0000000000015623       0x3c ./Core/Src/HDl_dht20.o
 .debug_macro   0x000000000001565f       0x34 ./Core/Src/HDl_dht20.o
 .debug_macro   0x0000000000015693       0x16 ./Core/Src/HDl_dht20.o
 .debug_macro   0x00000000000156a9       0x35 ./Core/Src/HDl_dht20.o
 .debug_macro   0x00000000000156de      0x333 ./Core/Src/HDl_dht20.o
 .debug_macro   0x0000000000015a11       0x10 ./Core/Src/HDl_dht20.o
 .debug_macro   0x0000000000015a21       0x16 ./Core/Src/HDl_dht20.o
 .debug_macro   0x0000000000015a37       0x43 ./Core/Src/HDl_dht20.o
 .debug_macro   0x0000000000015a7a       0x34 ./Core/Src/HDl_dht20.o
 .debug_macro   0x0000000000015aae       0x10 ./Core/Src/HDl_dht20.o
 .debug_macro   0x0000000000015abe       0x58 ./Core/Src/HDl_dht20.o
 .debug_macro   0x0000000000015b16       0x71 ./Core/Src/HDl_dht20.o
 .debug_macro   0x0000000000015b87       0x1c ./Core/Src/HDl_dht20.o
 .debug_macro   0x0000000000015ba3      0x12a ./Core/Src/HDl_dht20.o
 .debug_macro   0x0000000000015ccd       0x10 ./Core/Src/HDl_dht20.o
 .debug_macro   0x0000000000015cdd       0x1c ./Core/Src/HDl_dht20.o
 .debug_macro   0x0000000000015cf9       0x52 ./Core/Src/HDl_dht20.o
 .debug_macro   0x0000000000015d4b       0x22 ./Core/Src/HDl_dht20.o
 .debug_macro   0x0000000000015d6d       0x10 ./Core/Src/HDl_dht20.o
 .debug_macro   0x0000000000015d7d       0x40 ./Core/Src/HDl_dht20.o
 .debug_macro   0x0000000000015dbd       0xd5 ./Core/Src/HDl_dht20.o
 .debug_macro   0x0000000000015e92       0x1c ./Core/Src/HDl_dht20.o
 .debug_macro   0x0000000000015eae       0x3d ./Core/Src/HDl_dht20.o
 .debug_macro   0x0000000000015eeb       0x16 ./Core/Src/HDl_dht20.o
 .debug_macro   0x0000000000015f01      0x145 ./Core/Src/HDl_dht20.o
 .debug_macro   0x0000000000016046       0x16 ./Core/Src/HDl_dht20.o
 .debug_macro   0x000000000001605c       0x16 ./Core/Src/HDl_dht20.o
 .debug_macro   0x0000000000016072       0x29 ./Core/Src/HDl_dht20.o
 .debug_macro   0x000000000001609b       0x58 ./Core/Src/HDl_dht20.o
 .debug_macro   0x00000000000160f3      0x405 ./Core/Src/main.o
 .debug_macro   0x00000000000164f8      0x1a7 ./Core/Src/stm32f1xx_hal_msp.o
 .debug_macro   0x000000000001669f      0x1b1 ./Core/Src/stm32f1xx_it.o
 .debug_macro   0x0000000000016850      0x198 ./Core/Src/system_stm32f1xx.o
 .debug_macro   0x00000000000169e8      0x1bc ./Drivers/STM32F1xx_HAL_Driver/Src/stm32f1xx_hal.o
 .debug_macro   0x0000000000016ba4      0x198 ./Drivers/STM32F1xx_HAL_Driver/Src/stm32f1xx_hal_cortex.o
 .debug_macro   0x0000000000016d3c      0x198 ./Drivers/STM32F1xx_HAL_Driver/Src/stm32f1xx_hal_dma.o
 .debug_macro   0x0000000000016ed4      0x203 ./Drivers/STM32F1xx_HAL_Driver/Src/stm32f1xx_hal_gpio.o
 .debug_macro   0x00000000000170d7      0x1e6 ./Drivers/STM32F1xx_HAL_Driver/Src/stm32f1xx_hal_i2c.o
 .debug_macro   0x00000000000172bd      0x1aa ./Drivers/STM32F1xx_HAL_Driver/Src/stm32f1xx_hal_rcc.o
 .debug_macro   0x0000000000017467      0x199 ./Drivers/STM32F1xx_HAL_Driver/Src/stm32f1xx_hal_uart.o
 .debug_macro   0x0000000000017600      0x354 ./SOW/Src/dht20.o
 .debug_macro   0x0000000000017954      0x1b1 ./SOW/Src/i2c_master.o
 .debug_macro   0x0000000000017b05      0x1b7 ./SOW/Src/i2c_slave.o

.debug_line     0x0000000000000000     0xdff4
 .debug_line    0x0000000000000000      0xa0a ./Core/Src/HDl_dht20.o
 .debug_line    0x0000000000000a0a      0xa70 ./Core/Src/main.o
 .debug_line    0x000000000000147a      0x722 ./Core/Src/stm32f1xx_hal_msp.o
 .debug_line    0x0000000000001b9c      0x791 ./Core/Src/stm32f1xx_it.o
 .debug_line    0x000000000000232d      0x705 ./Core/Src/system_stm32f1xx.o
 .debug_line    0x0000000000002a32       0x86 ./Core/Startup/startup_stm32f103rbtx.o
 .debug_line    0x0000000000002ab8      0x932 ./Drivers/STM32F1xx_HAL_Driver/Src/stm32f1xx_hal.o
 .debug_line    0x00000000000033ea      0xb1a ./Drivers/STM32F1xx_HAL_Driver/Src/stm32f1xx_hal_cortex.o
 .debug_line    0x0000000000003f04      0xd8b ./Drivers/STM32F1xx_HAL_Driver/Src/stm32f1xx_hal_dma.o
 .debug_line    0x0000000000004c8f      0x9cb ./Drivers/STM32F1xx_HAL_Driver/Src/stm32f1xx_hal_gpio.o
 .debug_line    0x000000000000565a     0x3ac8 ./Drivers/STM32F1xx_HAL_Driver/Src/stm32f1xx_hal_i2c.o
 .debug_line    0x0000000000009122      0xd3e ./Drivers/STM32F1xx_HAL_Driver/Src/stm32f1xx_hal_rcc.o
 .debug_line    0x0000000000009e60     0x27f9 ./Drivers/STM32F1xx_HAL_Driver/Src/stm32f1xx_hal_uart.o
 .debug_line    0x000000000000c659      0xbf6 ./SOW/Src/dht20.o
 .debug_line    0x000000000000d24f      0x6c4 ./SOW/Src/i2c_master.o
 .debug_line    0x000000000000d913      0x6e1 ./SOW/Src/i2c_slave.o

.debug_str      0x0000000000000000    0x852e7
 .debug_str     0x0000000000000000    0x82921 ./Core/Src/HDl_dht20.o
                                      0x82d94 (size before relaxing)
 .debug_str     0x0000000000082921      0x65f ./Core/Src/main.o
                                      0x83306 (size before relaxing)
 .debug_str     0x0000000000082f80       0xa6 ./Core/Src/stm32f1xx_hal_msp.o
                                      0x7ee22 (size before relaxing)
 .debug_str     0x0000000000083026       0xf8 ./Core/Src/stm32f1xx_it.o
                                      0x7e928 (size before relaxing)
 .debug_str     0x000000000008311e       0x52 ./Core/Src/system_stm32f1xx.o
                                      0x7e2d8 (size before relaxing)
 .debug_str     0x0000000000083170       0x36 ./Core/Startup/startup_stm32f103rbtx.o
                                         0x57 (size before relaxing)
 .debug_str     0x00000000000831a6      0x304 ./Drivers/STM32F1xx_HAL_Driver/Src/stm32f1xx_hal.o
                                      0x7e969 (size before relaxing)
 .debug_str     0x00000000000834aa      0x300 ./Drivers/STM32F1xx_HAL_Driver/Src/stm32f1xx_hal_cortex.o
                                      0x7e971 (size before relaxing)
 .debug_str     0x00000000000837aa      0x23a ./Drivers/STM32F1xx_HAL_Driver/Src/stm32f1xx_hal_dma.o
                                      0x7e6b3 (size before relaxing)
 .debug_str     0x00000000000839e4      0x31f ./Drivers/STM32F1xx_HAL_Driver/Src/stm32f1xx_hal_gpio.o
                                      0x7e69c (size before relaxing)
 .debug_str     0x0000000000083d03      0xb9a ./Drivers/STM32F1xx_HAL_Driver/Src/stm32f1xx_hal_i2c.o
                                      0x7f367 (size before relaxing)
 .debug_str     0x000000000008489d      0x244 ./Drivers/STM32F1xx_HAL_Driver/Src/stm32f1xx_hal_rcc.o
                                      0x7e6d5 (size before relaxing)
 .debug_str     0x0000000000084ae1      0x615 ./Drivers/STM32F1xx_HAL_Driver/Src/stm32f1xx_hal_uart.o
                                      0x7ed2d (size before relaxing)
 .debug_str     0x00000000000850f6      0x155 ./SOW/Src/dht20.o
                                      0x82c80 (size before relaxing)
 .debug_str     0x000000000008524b       0x63 ./SOW/Src/i2c_master.o
                                      0x7e90e (size before relaxing)
 .debug_str     0x00000000000852ae       0x39 ./SOW/Src/i2c_slave.o
                                      0x7e8ea (size before relaxing)

.comment        0x0000000000000000       0x53
 .comment       0x0000000000000000       0x53 ./Core/Src/HDl_dht20.o
                                         0x54 (size before relaxing)
 .comment       0x0000000000000053       0x54 ./Core/Src/main.o
 .comment       0x0000000000000053       0x54 ./Core/Src/stm32f1xx_hal_msp.o
 .comment       0x0000000000000053       0x54 ./Core/Src/stm32f1xx_it.o
 .comment       0x0000000000000053       0x54 ./Core/Src/system_stm32f1xx.o
 .comment       0x0000000000000053       0x54 ./Drivers/STM32F1xx_HAL_Driver/Src/stm32f1xx_hal.o
 .comment       0x0000000000000053       0x54 ./Drivers/STM32F1xx_HAL_Driver/Src/stm32f1xx_hal_cortex.o
 .comment       0x0000000000000053       0x54 ./Drivers/STM32F1xx_HAL_Driver/Src/stm32f1xx_hal_dma.o
 .comment       0x0000000000000053       0x54 ./Drivers/STM32F1xx_HAL_Driver/Src/stm32f1xx_hal_gpio.o
 .comment       0x0000000000000053       0x54 ./Drivers/STM32F1xx_HAL_Driver/Src/stm32f1xx_hal_i2c.o
 .comment       0x0000000000000053       0x54 ./Drivers/STM32F1xx_HAL_Driver/Src/stm32f1xx_hal_rcc.o
 .comment       0x0000000000000053       0x54 ./Drivers/STM32F1xx_HAL_Driver/Src/stm32f1xx_hal_uart.o
 .comment       0x0000000000000053       0x54 ./SOW/Src/dht20.o
 .comment       0x0000000000000053       0x54 ./SOW/Src/i2c_master.o
 .comment       0x0000000000000053       0x54 ./SOW/Src/i2c_slave.o

.debug_frame    0x0000000000000000     0x29b8
 .debug_frame   0x0000000000000000       0x4c ./Core/Src/HDl_dht20.o
 .debug_frame   0x000000000000004c       0xc4 ./Core/Src/main.o
 .debug_frame   0x0000000000000110       0xc8 ./Core/Src/stm32f1xx_hal_msp.o
 .debug_frame   0x00000000000001d8      0x158 ./Core/Src/stm32f1xx_it.o
 .debug_frame   0x0000000000000330       0x58 ./Core/Src/system_stm32f1xx.o
 .debug_frame   0x0000000000000388      0x334 ./Drivers/STM32F1xx_HAL_Driver/Src/stm32f1xx_hal.o
 .debug_frame   0x00000000000006bc      0x428 ./Drivers/STM32F1xx_HAL_Driver/Src/stm32f1xx_hal_cortex.o
 .debug_frame   0x0000000000000ae4      0x208 ./Drivers/STM32F1xx_HAL_Driver/Src/stm32f1xx_hal_dma.o
 .debug_frame   0x0000000000000cec      0x14c ./Drivers/STM32F1xx_HAL_Driver/Src/stm32f1xx_hal_gpio.o
 .debug_frame   0x0000000000000e38      0xc84 ./Drivers/STM32F1xx_HAL_Driver/Src/stm32f1xx_hal_i2c.o
 .debug_frame   0x0000000000001abc      0x218 ./Drivers/STM32F1xx_HAL_Driver/Src/stm32f1xx_hal_rcc.o
 .debug_frame   0x0000000000001cd4      0x944 ./Drivers/STM32F1xx_HAL_Driver/Src/stm32f1xx_hal_uart.o
 .debug_frame   0x0000000000002618      0x234 ./SOW/Src/dht20.o
 .debug_frame   0x000000000000284c       0x7c ./SOW/Src/i2c_master.o
 .debug_frame   0x00000000000028c8       0xa4 ./SOW/Src/i2c_slave.o
 .debug_frame   0x000000000000296c       0x2c c:/users/thuyh/stm32cubeide_1.7.0/stm32cubeide/plugins/com.st.stm32cube.ide.mcu.externaltools.gnu-tools-for-stm32.9-2020-q2-update.win32_2.0.0.202105311346/tools/bin/../lib/gcc/arm-none-eabi/9.3.1/../../../../arm-none-eabi/lib/thumb/v7-m/nofp\libc_nano.a(lib_a-init.o)
 .debug_frame   0x0000000000002998       0x20 c:/users/thuyh/stm32cubeide_1.7.0/stm32cubeide/plugins/com.st.stm32cube.ide.mcu.externaltools.gnu-tools-for-stm32.9-2020-q2-update.win32_2.0.0.202105311346/tools/bin/../lib/gcc/arm-none-eabi/9.3.1/../../../../arm-none-eabi/lib/thumb/v7-m/nofp\libc_nano.a(lib_a-memset.o)
