09:04:44 **** Incremental Build of configuration Debug for project Digictal_project ****
make -j8 all 
arm-none-eabi-gcc "../Core/Src/HDl_dht20.c" -mcpu=cortex-m3 -std=gnu11 -g3 -DDEBUG -DUSE_HAL_DRIVER -DSTM32F103xB -c -I../Core/Inc -I../Drivers/STM32F1xx_HAL_Driver/Inc -I../Drivers/STM32F1xx_HAL_Driver/Inc/Legacy -I../Drivers/CMSIS/Device/ST/STM32F1xx/Include -I../Drivers/CMSIS/Include -I"E:/SOW/Ins" -O0 -ffunction-sections -fdata-sections -Wall -fstack-usage -MMD -MP -MF"Core/Src/HDl_dht20.d" -MT"Core/Src/HDl_dht20.o" --specs=nano.specs -mfloat-abi=soft -mthumb -o "Core/Src/HDl_dht20.o"
arm-none-eabi-gcc -o "Digictal_project.elf" @"objects.list"   -mcpu=cortex-m3 -T"E:\NUCLEO\Digictal_project\STM32F103RBTX_FLASH.ld" --specs=nosys.specs -Wl,-Map="Digictal_project.map" -Wl,--gc-sections -static --specs=nano.specs -mfloat-abi=soft -mthumb -Wl,--start-group -lc -lm -Wl,--end-group
Finished building target: Digictal_project.elf
 
arm-none-eabi-size   Digictal_project.elf 
arm-none-eabi-objdump -h -S  Digictal_project.elf  > "Digictal_project.list"
arm-none-eabi-objcopy  -O binary  Digictal_project.elf  "Digictal_project.bin"
   text	   data	    bss	    dec	    hex	filename
  16888	     24	   1784	  18696	   4908	Digictal_project.elf
Finished building: default.size.stdout
 
Finished building: Digictal_project.bin
 
Finished building: Digictal_project.list
 
09:05:29 **** Incremental Build of configuration Debug for project Digictal_project ****
make -j8 all 
arm-none-eabi-size   Digictal_project.elf 
   text	   data	    bss	    dec	    hex	filename
  16888	     24	   1784	  18696	   4908	Digictal_project.elf
Finished building: default.size.stdout
 
09:08:01 **** Incremental Build of configuration Debug for project Digictal_project ****
make -j8 all 
arm-none-eabi-size   Digictal_project.elf 
   text	   data	    bss	    dec	    hex	filename
  16888	     24	   1784	  18696	   4908	Digictal_project.elf
Finished building: default.size.stdout
 
09:12:25 **** Incremental Build of configuration Debug for project Digictal_project ****
make -j8 all 
arm-none-eabi-size   Digictal_project.elf 
   text	   data	    bss	    dec	    hex	filename
  16888	     24	   1784	  18696	   4908	Digictal_project.elf
Finished building: default.size.stdout
 
09:18:57 **** Incremental Build of configuration Debug for project Digictal_project ****
make -j8 all 
arm-none-eabi-gcc "../Core/Src/HDl_dht20.c" -mcpu=cortex-m3 -std=gnu11 -g3 -DDEBUG -DUSE_HAL_DRIVER -DSTM32F103xB -c -I../Core/Inc -I../Drivers/STM32F1xx_HAL_Driver/Inc -I../Drivers/STM32F1xx_HAL_Driver/Inc/Legacy -I../Drivers/CMSIS/Device/ST/STM32F1xx/Include -I../Drivers/CMSIS/Include -I"E:/SOW/Ins" -O0 -ffunction-sections -fdata-sections -Wall -fstack-usage -MMD -MP -MF"Core/Src/HDl_dht20.d" -MT"Core/Src/HDl_dht20.o" --specs=nano.specs -mfloat-abi=soft -mthumb -o "Core/Src/HDl_dht20.o"
arm-none-eabi-gcc -o "Digictal_project.elf" @"objects.list"   -mcpu=cortex-m3 -T"E:\NUCLEO\Digictal_project\STM32F103RBTX_FLASH.ld" --specs=nosys.specs -Wl,-Map="Digictal_project.map" -Wl,--gc-sections -static --specs=nano.specs -mfloat-abi=soft -mthumb -Wl,--start-group -lc -lm -Wl,--end-group
Finished building target: Digictal_project.elf
 
arm-none-eabi-size   Digictal_project.elf 
arm-none-eabi-objdump -h -S  Digictal_project.elf  > "Digictal_project.list"
arm-none-eabi-objcopy  -O binary  Digictal_project.elf  "Digictal_project.bin"
   text	   data	    bss	    dec	    hex	filename
  16888	     24	   1784	  18696	   4908	Digictal_project.elf
Finished building: default.size.stdout
 
Finished building: Digictal_project.bin
 
Finished building: Digictal_project.list
 
09:21:25 **** Incremental Build of configuration Debug for project Digictal_project ****
make -j8 all 
arm-none-eabi-size   Digictal_project.elf 
   text	   data	    bss	    dec	    hex	filename
  16888	     24	   1784	  18696	   4908	Digictal_project.elf
Finished building: default.size.stdout
 
09:21:26 **** Incremental Build of configuration Debug for project Digictal_project ****
make -j8 all 
arm-none-eabi-size   Digictal_project.elf 
   text	   data	    bss	    dec	    hex	filename
  16888	     24	   1784	  18696	   4908	Digictal_project.elf
Finished building: default.size.stdout
 
09:21:41 **** Incremental Build of configuration Debug for project Digictal_project ****
make -j8 all 
arm-none-eabi-size   Digictal_project.elf 
   text	   data	    bss	    dec	    hex	filename
  16888	     24	   1784	  18696	   4908	Digictal_project.elf
Finished building: default.size.stdout
 
09:23:35 **** Incremental Build of configuration Debug for project Digictal_project ****
make -j8 all 
arm-none-eabi-gcc "../Core/Src/HDl_dht20.c" -mcpu=cortex-m3 -std=gnu11 -g3 -DDEBUG -DUSE_HAL_DRIVER -DSTM32F103xB -c -I../Core/Inc -I../Drivers/STM32F1xx_HAL_Driver/Inc -I../Drivers/STM32F1xx_HAL_Driver/Inc/Legacy -I../Drivers/CMSIS/Device/ST/STM32F1xx/Include -I../Drivers/CMSIS/Include -I"E:/SOW/Ins" -O0 -ffunction-sections -fdata-sections -Wall -fstack-usage -MMD -MP -MF"Core/Src/HDl_dht20.d" -MT"Core/Src/HDl_dht20.o" --specs=nano.specs -mfloat-abi=soft -mthumb -o "Core/Src/HDl_dht20.o"
arm-none-eabi-gcc -o "Digictal_project.elf" @"objects.list"   -mcpu=cortex-m3 -T"E:\NUCLEO\Digictal_project\STM32F103RBTX_FLASH.ld" --specs=nosys.specs -Wl,-Map="Digictal_project.map" -Wl,--gc-sections -static --specs=nano.specs -mfloat-abi=soft -mthumb -Wl,--start-group -lc -lm -Wl,--end-group
Finished building target: Digictal_project.elf
 
arm-none-eabi-size   Digictal_project.elf 
arm-none-eabi-objdump -h -S  Digictal_project.elf  > "Digictal_project.list"
arm-none-eabi-objcopy  -O binary  Digictal_project.elf  "Digictal_project.bin"
   text	   data	    bss	    dec	    hex	filename
  16892	     24	   1784	  18700	   490c	Digictal_project.elf
Finished building: default.size.stdout
 
Finished building: Digictal_project.bin
 
Finished building: Digictal_project.list
 
09:25:07 **** Incremental Build of configuration Debug for project Digictal_project ****
make -j8 all 
arm-none-eabi-size   Digictal_project.elf 
   text	   data	    bss	    dec	    hex	filename
  16892	     24	   1784	  18700	   490c	Digictal_project.elf
Finished building: default.size.stdout
 
09:27:44 **** Incremental Build of configuration Debug for project Digictal_project ****
make -j8 all 
arm-none-eabi-gcc "../Core/Src/HDl_dht20.c" -mcpu=cortex-m3 -std=gnu11 -g3 -DDEBUG -DUSE_HAL_DRIVER -DSTM32F103xB -c -I../Core/Inc -I../Drivers/STM32F1xx_HAL_Driver/Inc -I../Drivers/STM32F1xx_HAL_Driver/Inc/Legacy -I../Drivers/CMSIS/Device/ST/STM32F1xx/Include -I../Drivers/CMSIS/Include -I"E:/SOW/Ins" -O0 -ffunction-sections -fdata-sections -Wall -fstack-usage -MMD -MP -MF"Core/Src/HDl_dht20.d" -MT"Core/Src/HDl_dht20.o" --specs=nano.specs -mfloat-abi=soft -mthumb -o "Core/Src/HDl_dht20.o"
arm-none-eabi-gcc -o "Digictal_project.elf" @"objects.list"   -mcpu=cortex-m3 -T"E:\NUCLEO\Digictal_project\STM32F103RBTX_FLASH.ld" --specs=nosys.specs -Wl,-Map="Digictal_project.map" -Wl,--gc-sections -static --specs=nano.specs -mfloat-abi=soft -mthumb -Wl,--start-group -lc -lm -Wl,--end-group
Finished building target: Digictal_project.elf
 
arm-none-eabi-size   Digictal_project.elf 
arm-none-eabi-objdump -h -S  Digictal_project.elf  > "Digictal_project.list"
arm-none-eabi-objcopy  -O binary  Digictal_project.elf  "Digictal_project.bin"
   text	   data	    bss	    dec	    hex	filename
  16964	     24	   1784	  18772	   4954	Digictal_project.elf
Finished building: default.size.stdout
 
Finished building: Digictal_project.bin
 
Finished building: Digictal_project.list
 
09:28:30 **** Incremental Build of configuration Debug for project Digictal_project ****
make -j8 all 
arm-none-eabi-size   Digictal_project.elf 
   text	   data	    bss	    dec	    hex	filename
  16964	     24	   1784	  18772	   4954	Digictal_project.elf
Finished building: default.size.stdout
 
09:28:31 **** Incremental Build of configuration Debug for project Digictal_project ****
make -j8 all 
arm-none-eabi-size   Digictal_project.elf 
   text	   data	    bss	    dec	    hex	filename
  16964	     24	   1784	  18772	   4954	Digictal_project.elf
Finished building: default.size.stdout
 
09:28:47 **** Incremental Build of configuration Debug for project Digictal_project ****
make -j8 all 
arm-none-eabi-size   Digictal_project.elf 
   text	   data	    bss	    dec	    hex	filename
  16964	     24	   1784	  18772	   4954	Digictal_project.elf
Finished building: default.size.stdout
 
09:29:55 **** Incremental Build of configuration Debug for project Digictal_project ****
make -j8 all 
arm-none-eabi-size   Digictal_project.elf 
   text	   data	    bss	    dec	    hex	filename
  16964	     24	   1784	  18772	   4954	Digictal_project.elf
Finished building: default.size.stdout
 
09:31:15 **** Incremental Build of configuration Debug for project Digictal_project ****
make -j8 all 
arm-none-eabi-gcc "../Core/Src/HDl_dht20.c" -mcpu=cortex-m3 -std=gnu11 -g3 -DDEBUG -DUSE_HAL_DRIVER -DSTM32F103xB -c -I../Core/Inc -I../Drivers/STM32F1xx_HAL_Driver/Inc -I../Drivers/STM32F1xx_HAL_Driver/Inc/Legacy -I../Drivers/CMSIS/Device/ST/STM32F1xx/Include -I../Drivers/CMSIS/Include -I"E:/SOW/Ins" -O0 -ffunction-sections -fdata-sections -Wall -fstack-usage -MMD -MP -MF"Core/Src/HDl_dht20.d" -MT"Core/Src/HDl_dht20.o" --specs=nano.specs -mfloat-abi=soft -mthumb -o "Core/Src/HDl_dht20.o"
../Core/Src/HDl_dht20.c: In function 'HDL_DHT20_run':
../Core/Src/HDl_dht20.c:71:12: warning: statement with no effect [-Wunused-value]
   71 |     active == DHT20_OK;
      |     ~~~~~~~^~~~~~~~~~~
arm-none-eabi-gcc -o "Digictal_project.elf" @"objects.list"   -mcpu=cortex-m3 -T"E:\NUCLEO\Digictal_project\STM32F103RBTX_FLASH.ld" --specs=nosys.specs -Wl,-Map="Digictal_project.map" -Wl,--gc-sections -static --specs=nano.specs -mfloat-abi=soft -mthumb -Wl,--start-group -lc -lm -Wl,--end-group
Finished building target: Digictal_project.elf
 
arm-none-eabi-size   Digictal_project.elf 
arm-none-eabi-objdump -h -S  Digictal_project.elf  > "Digictal_project.list"
arm-none-eabi-objcopy  -O binary  Digictal_project.elf  "Digictal_project.bin"
   text	   data	    bss	    dec	    hex	filename
  16964	     24	   1784	  18772	   4954	Digictal_project.elf
Finished building: default.size.stdout
 
Finished building: Digictal_project.bin
 
Finished building: Digictal_project.list
 
09:31:34 **** Incremental Build of configuration Debug for project Digictal_project ****
make -j8 all 
arm-none-eabi-gcc "../Core/Src/HDl_dht20.c" -mcpu=cortex-m3 -std=gnu11 -g3 -DDEBUG -DUSE_HAL_DRIVER -DSTM32F103xB -c -I../Core/Inc -I../Drivers/STM32F1xx_HAL_Driver/Inc -I../Drivers/STM32F1xx_HAL_Driver/Inc/Legacy -I../Drivers/CMSIS/Device/ST/STM32F1xx/Include -I../Drivers/CMSIS/Include -I"E:/SOW/Ins" -O0 -ffunction-sections -fdata-sections -Wall -fstack-usage -MMD -MP -MF"Core/Src/HDl_dht20.d" -MT"Core/Src/HDl_dht20.o" --specs=nano.specs -mfloat-abi=soft -mthumb -o "Core/Src/HDl_dht20.o"
arm-none-eabi-gcc -o "Digictal_project.elf" @"objects.list"   -mcpu=cortex-m3 -T"E:\NUCLEO\Digictal_project\STM32F103RBTX_FLASH.ld" --specs=nosys.specs -Wl,-Map="Digictal_project.map" -Wl,--gc-sections -static --specs=nano.specs -mfloat-abi=soft -mthumb -Wl,--start-group -lc -lm -Wl,--end-group
Finished building target: Digictal_project.elf
 
arm-none-eabi-size   Digictal_project.elf 
arm-none-eabi-objdump -h -S  Digictal_project.elf  > "Digictal_project.list"
arm-none-eabi-objcopy  -O binary  Digictal_project.elf  "Digictal_project.bin"
   text	   data	    bss	    dec	    hex	filename
  16972	     24	   1784	  18780	   495c	Digictal_project.elf
Finished building: default.size.stdout
 
Finished building: Digictal_project.bin
 
Finished building: Digictal_project.list
 
09:33:55 **** Incremental Build of configuration Debug for project Digictal_project ****
make -j8 all 
arm-none-eabi-gcc "../Core/Src/HDl_dht20.c" -mcpu=cortex-m3 -std=gnu11 -g3 -DDEBUG -DUSE_HAL_DRIVER -DSTM32F103xB -c -I../Core/Inc -I../Drivers/STM32F1xx_HAL_Driver/Inc -I../Drivers/STM32F1xx_HAL_Driver/Inc/Legacy -I../Drivers/CMSIS/Device/ST/STM32F1xx/Include -I../Drivers/CMSIS/Include -I"E:/SOW/Ins" -O0 -ffunction-sections -fdata-sections -Wall -fstack-usage -MMD -MP -MF"Core/Src/HDl_dht20.d" -MT"Core/Src/HDl_dht20.o" --specs=nano.specs -mfloat-abi=soft -mthumb -o "Core/Src/HDl_dht20.o"
arm-none-eabi-gcc -o "Digictal_project.elf" @"objects.list"   -mcpu=cortex-m3 -T"E:\NUCLEO\Digictal_project\STM32F103RBTX_FLASH.ld" --specs=nosys.specs -Wl,-Map="Digictal_project.map" -Wl,--gc-sections -static --specs=nano.specs -mfloat-abi=soft -mthumb -Wl,--start-group -lc -lm -Wl,--end-group
Finished building target: Digictal_project.elf
 
arm-none-eabi-size   Digictal_project.elf 
arm-none-eabi-objdump -h -S  Digictal_project.elf  > "Digictal_project.list"
arm-none-eabi-objcopy  -O binary  Digictal_project.elf  "Digictal_project.bin"
   text	   data	    bss	    dec	    hex	filename
  16964	     24	   1784	  18772	   4954	Digictal_project.elf
Finished building: default.size.stdout
 
Finished building: Digictal_project.bin
 
Finished building: Digictal_project.list
 
09:35:31 **** Incremental Build of configuration Debug for project Digictal_project ****
make -j8 all 
arm-none-eabi-gcc "../Core/Src/HDl_dht20.c" -mcpu=cortex-m3 -std=gnu11 -g3 -DDEBUG -DUSE_HAL_DRIVER -DSTM32F103xB -c -I../Core/Inc -I../Drivers/STM32F1xx_HAL_Driver/Inc -I../Drivers/STM32F1xx_HAL_Driver/Inc/Legacy -I../Drivers/CMSIS/Device/ST/STM32F1xx/Include -I../Drivers/CMSIS/Include -I"E:/SOW/Ins" -O0 -ffunction-sections -fdata-sections -Wall -fstack-usage -MMD -MP -MF"Core/Src/HDl_dht20.d" -MT"Core/Src/HDl_dht20.o" --specs=nano.specs -mfloat-abi=soft -mthumb -o "Core/Src/HDl_dht20.o"
../Core/Src/HDl_dht20.c: In function 'HDL_DHT20_run':
../Core/Src/HDl_dht20.c:71:5: warning: implicit declaration of function 'HAL_DELAY' [-Wimplicit-function-declaration]
   71 |     HAL_DELAY(1000);
      |     ^~~~~~~~~
arm-none-eabi-gcc -o "Digictal_project.elf" @"objects.list"   -mcpu=cortex-m3 -T"E:\NUCLEO\Digictal_project\STM32F103RBTX_FLASH.ld" --specs=nosys.specs -Wl,-Map="Digictal_project.map" -Wl,--gc-sections -static --specs=nano.specs -mfloat-abi=soft -mthumb -Wl,--start-group -lc -lm -Wl,--end-group
c:\users\thuyh\stm32cubeide_1.7.0\stm32cubeide\plugins\com.st.stm32cube.ide.mcu.externaltools.gnu-tools-for-stm32.9-2020-q2-update.win32_2.0.0.202105311346\tools\arm-none-eabi\bin\ld.exe: ./Core/Src/HDl_dht20.o: in function `HDL_DHT20_run':
E:/NUCLEO/Digictal_project/Debug/../Core/Src/HDl_dht20.c:71: undefined reference to `HAL_DELAY'
collect2.exe: error: ld returned 1 exit status
make: *** [makefile:66: Digictal_project.elf] Error 1
"make -j8 all" terminated with exit code 2. Build might be incomplete.
09:35:42 **** Incremental Build of configuration Debug for project Digictal_project ****
make -j8 all 
arm-none-eabi-gcc -o "Digictal_project.elf" @"objects.list"   -mcpu=cortex-m3 -T"E:\NUCLEO\Digictal_project\STM32F103RBTX_FLASH.ld" --specs=nosys.specs -Wl,-Map="Digictal_project.map" -Wl,--gc-sections -static --specs=nano.specs -mfloat-abi=soft -mthumb -Wl,--start-group -lc -lm -Wl,--end-group
c:\users\thuyh\stm32cubeide_1.7.0\stm32cubeide\plugins\com.st.stm32cube.ide.mcu.externaltools.gnu-tools-for-stm32.9-2020-q2-update.win32_2.0.0.202105311346\tools\arm-none-eabi\bin\ld.exe: ./Core/Src/HDl_dht20.o: in function `HDL_DHT20_run':
E:/NUCLEO/Digictal_project/Debug/../Core/Src/HDl_dht20.c:71: undefined reference to `HAL_DELAY'
collect2.exe: error: ld returned 1 exit status
make: *** [makefile:66: Digictal_project.elf] Error 1
"make -j8 all" terminated with exit code 2. Build might be incomplete.
09:36:06 **** Incremental Build of configuration Debug for project Digictal_project ****
make -j8 all 
arm-none-eabi-gcc "../Core/Src/HDl_dht20.c" -mcpu=cortex-m3 -std=gnu11 -g3 -DDEBUG -DUSE_HAL_DRIVER -DSTM32F103xB -c -I../Core/Inc -I../Drivers/STM32F1xx_HAL_Driver/Inc -I../Drivers/STM32F1xx_HAL_Driver/Inc/Legacy -I../Drivers/CMSIS/Device/ST/STM32F1xx/Include -I../Drivers/CMSIS/Include -I"E:/SOW/Ins" -O0 -ffunction-sections -fdata-sections -Wall -fstack-usage -MMD -MP -MF"Core/Src/HDl_dht20.d" -MT"Core/Src/HDl_dht20.o" --specs=nano.specs -mfloat-abi=soft -mthumb -o "Core/Src/HDl_dht20.o"
arm-none-eabi-gcc -o "Digictal_project.elf" @"objects.list"   -mcpu=cortex-m3 -T"E:\NUCLEO\Digictal_project\STM32F103RBTX_FLASH.ld" --specs=nosys.specs -Wl,-Map="Digictal_project.map" -Wl,--gc-sections -static --specs=nano.specs -mfloat-abi=soft -mthumb -Wl,--start-group -lc -lm -Wl,--end-group
Finished building target: Digictal_project.elf
 
arm-none-eabi-size   Digictal_project.elf 
arm-none-eabi-objdump -h -S  Digictal_project.elf  > "Digictal_project.list"
arm-none-eabi-objcopy  -O binary  Digictal_project.elf  "Digictal_project.bin"
   text	   data	    bss	    dec	    hex	filename
  16980	     24	   1784	  18788	   4964	Digictal_project.elf
Finished building: default.size.stdout
 
Finished building: Digictal_project.bin
 
Finished building: Digictal_project.list
 
09:38:53 **** Incremental Build of configuration Debug for project Digictal_project ****
make -j8 all 
arm-none-eabi-gcc "../Core/Src/HDl_dht20.c" -mcpu=cortex-m3 -std=gnu11 -g3 -DDEBUG -DUSE_HAL_DRIVER -DSTM32F103xB -c -I../Core/Inc -I../Drivers/STM32F1xx_HAL_Driver/Inc -I../Drivers/STM32F1xx_HAL_Driver/Inc/Legacy -I../Drivers/CMSIS/Device/ST/STM32F1xx/Include -I../Drivers/CMSIS/Include -I"E:/SOW/Ins" -O0 -ffunction-sections -fdata-sections -Wall -fstack-usage -MMD -MP -MF"Core/Src/HDl_dht20.d" -MT"Core/Src/HDl_dht20.o" --specs=nano.specs -mfloat-abi=soft -mthumb -o "Core/Src/HDl_dht20.o"
arm-none-eabi-gcc -o "Digictal_project.elf" @"objects.list"   -mcpu=cortex-m3 -T"E:\NUCLEO\Digictal_project\STM32F103RBTX_FLASH.ld" --specs=nosys.specs -Wl,-Map="Digictal_project.map" -Wl,--gc-sections -static --specs=nano.specs -mfloat-abi=soft -mthumb -Wl,--start-group -lc -lm -Wl,--end-group
Finished building target: Digictal_project.elf
 
arm-none-eabi-size   Digictal_project.elf 
arm-none-eabi-objdump -h -S  Digictal_project.elf  > "Digictal_project.list"
arm-none-eabi-objcopy  -O binary  Digictal_project.elf  "Digictal_project.bin"
   text	   data	    bss	    dec	    hex	filename
  16976	     20	   1780	  18776	   4958	Digictal_project.elf
Finished building: default.size.stdout
 
Finished building: Digictal_project.bin
 
Finished building: Digictal_project.list
 
09:39:07 **** Incremental Build of configuration Debug for project Digictal_project ****
make -j8 all 
arm-none-eabi-size   Digictal_project.elf 
   text	   data	    bss	    dec	    hex	filename
  16976	     20	   1780	  18776	   4958	Digictal_project.elf
Finished building: default.size.stdout
 
09:40:24 **** Incremental Build of configuration Debug for project Digictal_project ****
make -j8 all 
arm-none-eabi-gcc "../Core/Src/HDl_dht20.c" -mcpu=cortex-m3 -std=gnu11 -g3 -DDEBUG -DUSE_HAL_DRIVER -DSTM32F103xB -c -I../Core/Inc -I../Drivers/STM32F1xx_HAL_Driver/Inc -I../Drivers/STM32F1xx_HAL_Driver/Inc/Legacy -I../Drivers/CMSIS/Device/ST/STM32F1xx/Include -I../Drivers/CMSIS/Include -I"E:/SOW/Ins" -O0 -ffunction-sections -fdata-sections -Wall -fstack-usage -MMD -MP -MF"Core/Src/HDl_dht20.d" -MT"Core/Src/HDl_dht20.o" --specs=nano.specs -mfloat-abi=soft -mthumb -o "Core/Src/HDl_dht20.o"
arm-none-eabi-gcc -o "Digictal_project.elf" @"objects.list"   -mcpu=cortex-m3 -T"E:\NUCLEO\Digictal_project\STM32F103RBTX_FLASH.ld" --specs=nosys.specs -Wl,-Map="Digictal_project.map" -Wl,--gc-sections -static --specs=nano.specs -mfloat-abi=soft -mthumb -Wl,--start-group -lc -lm -Wl,--end-group
Finished building target: Digictal_project.elf
 
arm-none-eabi-size   Digictal_project.elf 
arm-none-eabi-objdump -h -S  Digictal_project.elf  > "Digictal_project.list"
arm-none-eabi-objcopy  -O binary  Digictal_project.elf  "Digictal_project.bin"
   text	   data	    bss	    dec	    hex	filename
  16960	     20	   1780	  18760	   4948	Digictal_project.elf
Finished building: default.size.stdout
 
Finished building: Digictal_project.bin
 
Finished building: Digictal_project.list
 
