14:50:35 **** Incremental Build of configuration Debug for project LAB1_Nucleo_project ****
make -j8 all 
arm-none-eabi-gcc "E:/SOW/Src/input_reading.c" -mcpu=cortex-m3 -std=gnu11 -g3 -DDEBUG -DUSE_HAL_DRIVER -DSTM32F103xB -c -I../Core/Inc -I../Drivers/STM32F1xx_HAL_Driver/Inc -I../Drivers/STM32F1xx_HAL_Driver/Inc/Legacy -I../Drivers/CMSIS/Device/ST/STM32F1xx/Include -I../Drivers/CMSIS/Include -I"E:/SOW/Ins" -O0 -ffunction-sections -fdata-sections -Wall -fstack-usage -MMD -MP -MF"SOW/Src/input_reading.d" -MT"SOW/Src/input_reading.o" --specs=nano.specs -mfloat-abi=soft -mthumb -o "SOW/Src/input_reading.o"
arm-none-eabi-gcc -o "LAB1_Nucleo_project.elf" @"objects.list"   -mcpu=cortex-m3 -T"E:\NUCLEO\LAB1_Nucleo_project\STM32F103RBTX_FLASH.ld" --specs=nosys.specs -Wl,-Map="LAB1_Nucleo_project.map" -Wl,--gc-sections -static --specs=nano.specs -mfloat-abi=soft -mthumb -Wl,--start-group -lc -lm -Wl,--end-group
Finished building target: LAB1_Nucleo_project.elf
 
arm-none-eabi-size   LAB1_Nucleo_project.elf 
arm-none-eabi-objdump -h -S  LAB1_Nucleo_project.elf  > "LAB1_Nucleo_project.list"
arm-none-eabi-objcopy  -O ihex  LAB1_Nucleo_project.elf  "LAB1_Nucleo_project.hex"
arm-none-eabi-objcopy  -O binary  LAB1_Nucleo_project.elf  "LAB1_Nucleo_project.bin"
   text	   data	    bss	    dec	    hex	filename
   7724	     36	   1748	   9508	   2524	LAB1_Nucleo_project.elf
Finished building: default.size.stdout
 
Finished building: LAB1_Nucleo_project.bin
Finished building: LAB1_Nucleo_project.hex
 
 
Finished building: LAB1_Nucleo_project.list
 

14:50:36 Build Finished. 0 errors, 0 warnings. (took 1s.594ms)

