16:04:13 **** Incremental Build of configuration Debug for project LAB2_Nucleo_project ****
make -j8 all 
arm-none-eabi-gcc "../Core/Src/main.c" -mcpu=cortex-m3 -std=gnu11 -g3 -DDEBUG -DUSE_HAL_DRIVER -DSTM32F103xB -c -I../Core/Inc -I../Drivers/STM32F1xx_HAL_Driver/Inc -I../Drivers/STM32F1xx_HAL_Driver/Inc/Legacy -I../Drivers/CMSIS/Device/ST/STM32F1xx/Include -I../Drivers/CMSIS/Include -I"E:/SOW/Ins" -O0 -ffunction-sections -fdata-sections -Wall -fstack-usage -MMD -MP -MF"Core/Src/main.d" -MT"Core/Src/main.o" --specs=nano.specs -mfloat-abi=soft -mthumb -o "Core/Src/main.o"
arm-none-eabi-gcc -o "LAB2_Nucleo_project.elf" @"objects.list"   -mcpu=cortex-m3 -T"E:\NUCLEO\LAB2_Nucleo_project\STM32F103RBTX_FLASH.ld" --specs=nosys.specs -Wl,-Map="LAB2_Nucleo_project.map" -Wl,--gc-sections -static --specs=nano.specs -mfloat-abi=soft -mthumb -Wl,--start-group -lc -lm -Wl,--end-group
Finished building target: LAB2_Nucleo_project.elf
 
arm-none-eabi-size   LAB2_Nucleo_project.elf 
arm-none-eabi-objdump -h -S  LAB2_Nucleo_project.elf  > "LAB2_Nucleo_project.list"
arm-none-eabi-objcopy  -O ihex  LAB2_Nucleo_project.elf  "LAB2_Nucleo_project.hex"
arm-none-eabi-objcopy  -O binary  LAB2_Nucleo_project.elf  "LAB2_Nucleo_project.bin"
   text	   data	    bss	    dec	    hex	filename
  18360	    144	   1840	  20344	   4f78	LAB2_Nucleo_project.elf
Finished building: default.size.stdout
 
Finished building: LAB2_Nucleo_project.hex
Finished building: LAB2_Nucleo_project.bin
 
 
Finished building: LAB2_Nucleo_project.list
 

16:04:14 Build Finished. 0 errors, 0 warnings. (took 1s.669ms)

